[2026-02-17 00:51:58] 开始索引云盘「FakeLocalDrive」
{"level":"info","parent_paths":"","name":"FakeLocalDrive","time":"2026-02-17T00:51:58.403911+08:00","message":"Walking"}
{"level":"info","key":"original_name","extracted":"FakeLocalDrive","rule":"^([a-zA-Z-!]{1,}\\.{1}){0,}[a-zA-Z-!]{1,}(\\.[0-9]{1,2}){0,1}(\\.|$)","time":"2026-02-17T00:51:58.409212+08:00","message":"Captured original_name"}
{"level":"info","parent_paths":"FakeLocalDrive","name":".DS_Store","time":"2026-02-17T00:51:58.409516+08:00","message":"Walking"}
[2026-02-17 00:51:58] 警告 .DS_Store: Unknown file type (FakeLocalDrive)
{"level":"info","parent_paths":"FakeLocalDrive","name":"AV","time":"2026-02-17T00:51:58.412693+08:00","message":"Walking"}
{"level":"info","key":"original_name","extracted":"AV","rule":"^([a-zA-Z-!]{1,}\\.{1}){0,}[a-zA-Z-!]{1,}(\\.[0-9]{1,2}){0,1}(\\.|$)","time":"2026-02-17T00:51:58.41539+08:00","message":"Captured original_name"}
{"level":"info","parent_paths":"FakeLocalDrive/AV","name":"259LUXU-1234_4K.mp4","time":"2026-02-17T00:51:58.416219+08:00","message":"Walking"}
{"level":"info","key":"resolution","extracted":"4K","rule":"(蓝光){0,1}(4[kK])\\.{0,}","time":"2026-02-17T00:51:58.420192+08:00","message":"Captured resolution"}
{"level":"info","key":"episode","extracted":"1234","rule":"[0-9]{1,}(\\.[0-9]{1,}){0,1}$","time":"2026-02-17T00:51:58.420402+08:00","message":"Captured episode"}
{"level":"info","key":"original_name","extracted":"259LUXU","rule":"[\\x{0400}-\\x{04FF}\\x{0800}-\\x{4e00}\\x{4e00}-\\x{9fa5}\\x{ac00}-\\x{d7a3}0-9a-zA-Z]{1,}[ \\.\\-&!,'（）：！？～×－\\x{0400}-\\x{04FF}\\x{0800}-\\x{4e00}\\x{4e00}-\\x{9fa5}\\x{ac00}-\\x{d7a3}0-9a-zA-Z]{1,}[）\\x{0400}-\\x{04FF}\\x{0800}-\\x{4e00}\\x{4e00}-\\x{9fa5}\\x{ac00}-\\x{d7a3}0-9a-zA-Z!！？－]","time":"2026-02-17T00:51:58.420531+08:00","message":"Captured original_name"}
[2026-02-17 00:51:58] 解析文件 259LUXU-1234_4K.mp4 => AV code=259LUXU-1234
[2026-02-17 00:52:03]   JavBus 获取失败: Get "https://www.javbus.com/259LUXU-1234": EOF
[2026-02-17 00:52:03]   新增
{"level":"info","parent_paths":"FakeLocalDrive/AV","name":"FC2-PPV-1234567.mp4","time":"2026-02-17T00:52:03.442426+08:00","message":"Walking"}
{"level":"info","key":"season","extracted":"PV","rule":"special season1","time":"2026-02-17T00:52:03.446488+08:00","message":"Captured season"}
{"level":"info","key":"episode","extracted":"1234567","rule":"[0-9]{1,}(\\.[0-9]{1,}){0,1}$","time":"2026-02-17T00:52:03.446672+08:00","message":"Captured episode"}
{"level":"info","key":"original_name","extracted":"FC2-P","rule":"[\\x{0400}-\\x{04FF}\\x{0800}-\\x{4e00}\\x{4e00}-\\x{9fa5}\\x{ac00}-\\x{d7a3}0-9a-zA-Z]{1,}[ \\.\\-&!,'（）：！？～×－\\x{0400}-\\x{04FF}\\x{0800}-\\x{4e00}\\x{4e00}-\\x{9fa5}\\x{ac00}-\\x{d7a3}0-9a-zA-Z]{1,}[）\\x{0400}-\\x{04FF}\\x{0800}-\\x{4e00}\\x{4e00}-\\x{9fa5}\\x{ac00}-\\x{d7a3}0-9a-zA-Z!！？－]","time":"2026-02-17T00:52:03.446825+08:00","message":"Captured original_name"}
[2026-02-17 00:52:03] 解析文件 FC2-PPV-1234567.mp4 => AV code=FC2-PPV-1234567
[2026-02-17 00:52:08]   JavBus 获取失败: Get "https://www.javbus.com/FC2-PPV-1234567": EOF
[2026-02-17 00:52:08]   新增
{"level":"info","parent_paths":"FakeLocalDrive/AV","name":"IPX-888.中文字幕.mkv","time":"2026-02-17T00:52:08.466187+08:00","message":"Walking"}
{"level":"info","key":"episode","extracted":"888","rule":"[0-9]{1,}(\\.[0-9]{1,}){0,1}$","time":"2026-02-17T00:52:08.471023+08:00","message":"Captured episode"}
{"level":"info","key":"original_name","extracted":"IPX.","rule":"^([a-zA-Z-!]{1,}\\.{1}){0,}[a-zA-Z-!]{1,}(\\.[0-9]{1,2}){0,1}(\\.|$)","time":"2026-02-17T00:52:08.471394+08:00","message":"Captured original_name"}
[2026-02-17 00:52:08] 解析文件 IPX-888.中文字幕.mkv => AV code=IPX-888
[2026-02-17 00:52:13]   JavBus 获取失败: Get "https://www.javbus.com/IPX-888": EOF
[2026-02-17 00:52:13]   新增
{"level":"info","parent_paths":"FakeLocalDrive/AV","name":"SSIS-001.1080p.mp4","time":"2026-02-17T00:52:13.490169+08:00","message":"Walking"}
{"level":"info","key":"resolution","extracted":"1080p","rule":"（{0,1}(360|720|1080|2160)[pPiI]）{0,1}","time":"2026-02-17T00:52:13.492649+08:00","message":"Captured resolution"}
{"level":"info","key":"episode","extracted":"001","rule":"[0-9]{1,}(\\.[0-9]{1,}){0,1}$","time":"2026-02-17T00:52:13.492873+08:00","message":"Captured episode"}
{"level":"info","key":"original_name","extracted":"SSIS.","rule":"^([a-zA-Z-!]{1,}\\.{1}){0,}[a-zA-Z-!]{1,}(\\.[0-9]{1,2}){0,1}(\\.|$)","time":"2026-02-17T00:52:13.492955+08:00","message":"Captured original_name"}
[2026-02-17 00:52:13] 解析文件 SSIS-001.1080p.mp4 => AV code=SSIS-001
[2026-02-17 00:52:18]   JavBus 获取失败: Get "https://www.javbus.com/SSIS-001": EOF
[2026-02-17 00:52:18]   新增
{"level":"info","parent_paths":"FakeLocalDrive/AV","name":"[hhd800.com]STARS-456.uncensored.mp4","time":"2026-02-17T00:52:18.510817+08:00","message":"Walking"}
{"level":"info","key":"episode","extracted":"-456","rule":"[_-][0-9]{1,}","time":"2026-02-17T00:52:18.513969+08:00","message":"Captured episode"}
{"level":"info","key":"original_name","extracted":"STARS.uncensored","rule":"[\\x{0400}-\\x{04FF}\\x{0800}-\\x{4e00}\\x{4e00}-\\x{9fa5}\\x{ac00}-\\x{d7a3}0-9a-zA-Z]{1,}[ \\.\\-&!,'（）：！？～×－\\x{0400}-\\x{04FF}\\x{0800}-\\x{4e00}\\x{4e00}-\\x{9fa5}\\x{ac00}-\\x{d7a3}0-9a-zA-Z]{1,}[）\\x{0400}-\\x{04FF}\\x{0800}-\\x{4e00}\\x{4e00}-\\x{9fa5}\\x{ac00}-\\x{d7a3}0-9a-zA-Z!！？－]","time":"2026-02-17T00:52:18.514041+08:00","message":"Captured original_name"}
[2026-02-17 00:52:18] 解析文件 [hhd800.com]STARS-456.uncensored.mp4 => AV code=STARS-456
[2026-02-17 00:52:23]   JavBus 获取失败: Get "https://www.javbus.com/STARS-456": EOF
[2026-02-17 00:52:23]   新增
{"level":"info","parent_paths":"FakeLocalDrive","name":"medias","time":"2026-02-17T00:52:23.52864+08:00","message":"Walking"}
{"level":"info","key":"original_name","extracted":"medias","rule":"^([a-zA-Z-!]{1,}\\.{1}){0,}[a-zA-Z-!]{1,}(\\.[0-9]{1,2}){0,1}(\\.|$)","time":"2026-02-17T00:52:23.532087+08:00","message":"Captured original_name"}
{"level":"info","parent_paths":"FakeLocalDrive/medias","name":".DS_Store","time":"2026-02-17T00:52:23.53307+08:00","message":"Walking"}
[2026-02-17 00:52:23] 警告 .DS_Store: Unknown file type (FakeLocalDrive/medias)
{"level":"info","parent_paths":"FakeLocalDrive/medias","name":"C 春色JI情REN (2024)[剧情 爱情][李现 周雨彤]21集全","time":"2026-02-17T00:52:23.534186+08:00","message":"Walking"}
{"level":"info","key":"name","extracted":"春色JI情REN","rule":"chinese name3","time":"2026-02-17T00:52:23.537489+08:00","message":"Captured name"}
{"level":"info","parent_paths":"FakeLocalDrive/medias/C 春色JI情REN (2024)[剧情 爱情][李现 周雨彤]21集全","name":"01.mkv","time":"2026-02-17T00:52:23.538996+08:00","message":"Walking"}
{"level":"info","key":"episode","extracted":"E01","rule":"\\b([eE][pP]{0,1}[0-9]{1,}[上下]{0,1})","time":"2026-02-17T00:52:23.541871+08:00","message":"Captured episode"}
[2026-02-17 00:52:23] 解析文件 01.mkv => 剧集 name=春色JI情REN original_name=  E01
[2026-02-17 00:52:23]   新增
{"level":"info","parent_paths":"FakeLocalDrive/medias/C 春色JI情REN (2024)[剧情 爱情][李现 周雨彤]21集全","name":"01.nfo","time":"2026-02-17T00:52:23.542633+08:00","message":"Walking"}
{"level":"info","parent_paths":"FakeLocalDrive/medias/C 春色JI情REN (2024)[剧情 爱情][李现 周雨彤]21集全","name":"02.mkv","time":"2026-02-17T00:52:23.543185+08:00","message":"Walking"}
{"level":"info","key":"episode","extracted":"E02","rule":"\\b([eE][pP]{0,1}[0-9]{1,}[上下]{0,1})","time":"2026-02-17T00:52:23.544644+08:00","message":"Captured episode"}
[2026-02-17 00:52:23] 解析文件 02.mkv => 剧集 name=春色JI情REN original_name=  E02
[2026-02-17 00:52:23]   新增
{"level":"info","parent_paths":"FakeLocalDrive/medias/C 春色JI情REN (2024)[剧情 爱情][李现 周雨彤]21集全","name":"02.nfo","time":"2026-02-17T00:52:23.545851+08:00","message":"Walking"}
{"level":"info","parent_paths":"FakeLocalDrive/medias/C 春色JI情REN (2024)[剧情 爱情][李现 周雨彤]21集全","name":"03.mkv","time":"2026-02-17T00:52:23.546593+08:00","message":"Walking"}
{"level":"info","key":"episode","extracted":"E03","rule":"\\b([eE][pP]{0,1}[0-9]{1,}[上下]{0,1})","time":"2026-02-17T00:52:23.548254+08:00","message":"Captured episode"}
[2026-02-17 00:52:23] 解析文件 03.mkv => 剧集 name=春色JI情REN original_name=  E03
[2026-02-17 00:52:23]   新增
{"level":"info","parent_paths":"FakeLocalDrive/medias/C 春色JI情REN (2024)[剧情 爱情][李现 周雨彤]21集全","name":"03.nfo","time":"2026-02-17T00:52:23.54891+08:00","message":"Walking"}
{"level":"info","parent_paths":"FakeLocalDrive/medias/C 春色JI情REN (2024)[剧情 爱情][李现 周雨彤]21集全","name":"04.mkv","time":"2026-02-17T00:52:23.549406+08:00","message":"Walking"}
{"level":"info","key":"episode","extracted":"E04","rule":"\\b([eE][pP]{0,1}[0-9]{1,}[上下]{0,1})","time":"2026-02-17T00:52:23.550558+08:00","message":"Captured episode"}
[2026-02-17 00:52:23] 解析文件 04.mkv => 剧集 name=春色JI情REN original_name=  E04
[2026-02-17 00:52:23]   新增
{"level":"info","parent_paths":"FakeLocalDrive/medias/C 春色JI情REN (2024)[剧情 爱情][李现 周雨彤]21集全","name":"04.nfo","time":"2026-02-17T00:52:23.551391+08:00","message":"Walking"}
{"level":"info","parent_paths":"FakeLocalDrive/medias/C 春色JI情REN (2024)[剧情 爱情][李现 周雨彤]21集全","name":"05.mkv","time":"2026-02-17T00:52:23.552163+08:00","message":"Walking"}
{"level":"info","key":"episode","extracted":"E05","rule":"\\b([eE][pP]{0,1}[0-9]{1,}[上下]{0,1})","time":"2026-02-17T00:52:23.553748+08:00","message":"Captured episode"}
[2026-02-17 00:52:23] 解析文件 05.mkv => 剧集 name=春色JI情REN original_name=  E05
[2026-02-17 00:52:23]   新增
{"level":"info","parent_paths":"FakeLocalDrive/medias/C 春色JI情REN (2024)[剧情 爱情][李现 周雨彤]21集全","name":"05.nfo","time":"2026-02-17T00:52:23.554336+08:00","message":"Walking"}
{"level":"info","parent_paths":"FakeLocalDrive/medias/C 春色JI情REN (2024)[剧情 爱情][李现 周雨彤]21集全","name":"06.mkv","time":"2026-02-17T00:52:23.554764+08:00","message":"Walking"}
{"level":"info","key":"episode","extracted":"E06","rule":"\\b([eE][pP]{0,1}[0-9]{1,}[上下]{0,1})","time":"2026-02-17T00:52:23.555904+08:00","message":"Captured episode"}
[2026-02-17 00:52:23] 解析文件 06.mkv => 剧集 name=春色JI情REN original_name=  E06
[2026-02-17 00:52:23]   新增
{"level":"info","parent_paths":"FakeLocalDrive/medias/C 春色JI情REN (2024)[剧情 爱情][李现 周雨彤]21集全","name":"06.nfo","time":"2026-02-17T00:52:23.55667+08:00","message":"Walking"}
{"level":"info","parent_paths":"FakeLocalDrive/medias/C 春色JI情REN (2024)[剧情 爱情][李现 周雨彤]21集全","name":"07.mp4","time":"2026-02-17T00:52:23.557175+08:00","message":"Walking"}
{"level":"info","key":"episode","extracted":"E07","rule":"\\b([eE][pP]{0,1}[0-9]{1,}[上下]{0,1})","time":"2026-02-17T00:52:23.558302+08:00","message":"Captured episode"}
[2026-02-17 00:52:23] 解析文件 07.mp4 => 剧集 name=春色JI情REN original_name=  E07
[2026-02-17 00:52:23]   新增
{"level":"info","parent_paths":"FakeLocalDrive/medias/C 春色JI情REN (2024)[剧情 爱情][李现 周雨彤]21集全","name":"07.nfo","time":"2026-02-17T00:52:23.558778+08:00","message":"Walking"}
{"level":"info","parent_paths":"FakeLocalDrive/medias/C 春色JI情REN (2024)[剧情 爱情][李现 周雨彤]21集全","name":"08.mp4","time":"2026-02-17T00:52:23.559184+08:00","message":"Walking"}
{"level":"info","key":"episode","extracted":"E08","rule":"\\b([eE][pP]{0,1}[0-9]{1,}[上下]{0,1})","time":"2026-02-17T00:52:23.560292+08:00","message":"Captured episode"}
[2026-02-17 00:52:23] 解析文件 08.mp4 => 剧集 name=春色JI情REN original_name=  E08
[2026-02-17 00:52:23]   新增
{"level":"info","parent_paths":"FakeLocalDrive/medias/C 春色JI情REN (2024)[剧情 爱情][李现 周雨彤]21集全","name":"08.nfo","time":"2026-02-17T00:52:23.56087+08:00","message":"Walking"}
{"level":"info","parent_paths":"FakeLocalDrive/medias/C 春色JI情REN (2024)[剧情 爱情][李现 周雨彤]21集全","name":"09.mkv","time":"2026-02-17T00:52:23.561607+08:00","message":"Walking"}
{"level":"info","key":"episode","extracted":"E09","rule":"\\b([eE][pP]{0,1}[0-9]{1,}[上下]{0,1})","time":"2026-02-17T00:52:23.563182+08:00","message":"Captured episode"}
[2026-02-17 00:52:23] 解析文件 09.mkv => 剧集 name=春色JI情REN original_name=  E09
[2026-02-17 00:52:23]   新增
{"level":"info","parent_paths":"FakeLocalDrive/medias/C 春色JI情REN (2024)[剧情 爱情][李现 周雨彤]21集全","name":"09.nfo","time":"2026-02-17T00:52:23.563913+08:00","message":"Walking"}
{"level":"info","parent_paths":"FakeLocalDrive/medias/C 春色JI情REN (2024)[剧情 爱情][李现 周雨彤]21集全","name":"10.mkv","time":"2026-02-17T00:52:23.564326+08:00","message":"Walking"}
{"level":"info","key":"episode","extracted":"E10","rule":"\\b([eE][pP]{0,1}[0-9]{1,}[上下]{0,1})","time":"2026-02-17T00:52:23.565278+08:00","message":"Captured episode"}
[2026-02-17 00:52:23] 解析文件 10.mkv => 剧集 name=春色JI情REN original_name=  E10
[2026-02-17 00:52:23]   新增
{"level":"info","parent_paths":"FakeLocalDrive/medias/C 春色JI情REN (2024)[剧情 爱情][李现 周雨彤]21集全","name":"10.nfo","time":"2026-02-17T00:52:23.565673+08:00","message":"Walking"}
{"level":"info","parent_paths":"FakeLocalDrive/medias/C 春色JI情REN (2024)[剧情 爱情][李现 周雨彤]21集全","name":"11.mkv","time":"2026-02-17T00:52:23.56614+08:00","message":"Walking"}
{"level":"info","key":"episode","extracted":"E11","rule":"\\b([eE][pP]{0,1}[0-9]{1,}[上下]{0,1})","time":"2026-02-17T00:52:23.567015+08:00","message":"Captured episode"}
[2026-02-17 00:52:23] 解析文件 11.mkv => 剧集 name=春色JI情REN original_name=  E11
[2026-02-17 00:52:23]   新增
{"level":"info","parent_paths":"FakeLocalDrive/medias/C 春色JI情REN (2024)[剧情 爱情][李现 周雨彤]21集全","name":"11.nfo","time":"2026-02-17T00:52:23.567634+08:00","message":"Walking"}
{"level":"info","parent_paths":"FakeLocalDrive/medias/C 春色JI情REN (2024)[剧情 爱情][李现 周雨彤]21集全","name":"12.mkv","time":"2026-02-17T00:52:23.568165+08:00","message":"Walking"}
{"level":"info","key":"episode","extracted":"E12","rule":"\\b([eE][pP]{0,1}[0-9]{1,}[上下]{0,1})","time":"2026-02-17T00:52:23.569679+08:00","message":"Captured episode"}
[2026-02-17 00:52:23] 解析文件 12.mkv => 剧集 name=春色JI情REN original_name=  E12
[2026-02-17 00:52:23]   新增
{"level":"info","parent_paths":"FakeLocalDrive/medias/C 春色JI情REN (2024)[剧情 爱情][李现 周雨彤]21集全","name":"12.nfo","time":"2026-02-17T00:52:23.570568+08:00","message":"Walking"}
{"level":"info","parent_paths":"FakeLocalDrive/medias/C 春色JI情REN (2024)[剧情 爱情][李现 周雨彤]21集全","name":"13.mkv","time":"2026-02-17T00:52:23.570942+08:00","message":"Walking"}
{"level":"info","key":"episode","extracted":"E13","rule":"\\b([eE][pP]{0,1}[0-9]{1,}[上下]{0,1})","time":"2026-02-17T00:52:23.571822+08:00","message":"Captured episode"}
[2026-02-17 00:52:23] 解析文件 13.mkv => 剧集 name=春色JI情REN original_name=  E13
[2026-02-17 00:52:23]   新增
{"level":"info","parent_paths":"FakeLocalDrive/medias/C 春色JI情REN (2024)[剧情 爱情][李现 周雨彤]21集全","name":"13.nfo","time":"2026-02-17T00:52:23.57225+08:00","message":"Walking"}
{"level":"info","parent_paths":"FakeLocalDrive/medias/C 春色JI情REN (2024)[剧情 爱情][李现 周雨彤]21集全","name":"14.mkv","time":"2026-02-17T00:52:23.572854+08:00","message":"Walking"}
{"level":"info","key":"episode","extracted":"E14","rule":"\\b([eE][pP]{0,1}[0-9]{1,}[上下]{0,1})","time":"2026-02-17T00:52:23.573768+08:00","message":"Captured episode"}
[2026-02-17 00:52:23] 解析文件 14.mkv => 剧集 name=春色JI情REN original_name=  E14
[2026-02-17 00:52:23]   新增
{"level":"info","parent_paths":"FakeLocalDrive/medias/C 春色JI情REN (2024)[剧情 爱情][李现 周雨彤]21集全","name":"14.nfo","time":"2026-02-17T00:52:23.574413+08:00","message":"Walking"}
{"level":"info","parent_paths":"FakeLocalDrive/medias/C 春色JI情REN (2024)[剧情 爱情][李现 周雨彤]21集全","name":"15.mkv","time":"2026-02-17T00:52:23.574887+08:00","message":"Walking"}
{"level":"info","key":"episode","extracted":"E15","rule":"\\b([eE][pP]{0,1}[0-9]{1,}[上下]{0,1})","time":"2026-02-17T00:52:23.576097+08:00","message":"Captured episode"}
[2026-02-17 00:52:23] 解析文件 15.mkv => 剧集 name=春色JI情REN original_name=  E15
[2026-02-17 00:52:23]   新增
{"level":"info","parent_paths":"FakeLocalDrive/medias/C 春色JI情REN (2024)[剧情 爱情][李现 周雨彤]21集全","name":"15.nfo","time":"2026-02-17T00:52:23.57665+08:00","message":"Walking"}
{"level":"info","parent_paths":"FakeLocalDrive/medias/C 春色JI情REN (2024)[剧情 爱情][李现 周雨彤]21集全","name":"16.mkv","time":"2026-02-17T00:52:23.577036+08:00","message":"Walking"}
{"level":"info","key":"episode","extracted":"E16","rule":"\\b([eE][pP]{0,1}[0-9]{1,}[上下]{0,1})","time":"2026-02-17T00:52:23.578762+08:00","message":"Captured episode"}
[2026-02-17 00:52:23] 解析文件 16.mkv => 剧集 name=春色JI情REN original_name=  E16
[2026-02-17 00:52:23]   新增
{"level":"info","parent_paths":"FakeLocalDrive/medias/C 春色JI情REN (2024)[剧情 爱情][李现 周雨彤]21集全","name":"16.nfo","time":"2026-02-17T00:52:23.579214+08:00","message":"Walking"}
{"level":"info","parent_paths":"FakeLocalDrive/medias/C 春色JI情REN (2024)[剧情 爱情][李现 周雨彤]21集全","name":"17.mkv","time":"2026-02-17T00:52:23.57957+08:00","message":"Walking"}
{"level":"info","key":"episode","extracted":"E17","rule":"\\b([eE][pP]{0,1}[0-9]{1,}[上下]{0,1})","time":"2026-02-17T00:52:23.580365+08:00","message":"Captured episode"}
[2026-02-17 00:52:23] 解析文件 17.mkv => 剧集 name=春色JI情REN original_name=  E17
[2026-02-17 00:52:23]   新增
{"level":"info","parent_paths":"FakeLocalDrive/medias/C 春色JI情REN (2024)[剧情 爱情][李现 周雨彤]21集全","name":"17.nfo","time":"2026-02-17T00:52:23.580721+08:00","message":"Walking"}
{"level":"info","parent_paths":"FakeLocalDrive/medias/C 春色JI情REN (2024)[剧情 爱情][李现 周雨彤]21集全","name":"19.mkv","time":"2026-02-17T00:52:23.581059+08:00","message":"Walking"}
{"level":"info","key":"episode","extracted":"E19","rule":"\\b([eE][pP]{0,1}[0-9]{1,}[上下]{0,1})","time":"2026-02-17T00:52:23.582301+08:00","message":"Captured episode"}
[2026-02-17 00:52:23] 解析文件 19.mkv => 剧集 name=春色JI情REN original_name=  E19
[2026-02-17 00:52:23]   新增
{"level":"info","parent_paths":"FakeLocalDrive/medias/C 春色JI情REN (2024)[剧情 爱情][李现 周雨彤]21集全","name":"19.nfo","time":"2026-02-17T00:52:23.583061+08:00","message":"Walking"}
{"level":"info","parent_paths":"FakeLocalDrive/medias/C 春色JI情REN (2024)[剧情 爱情][李现 周雨彤]21集全","name":"20.mkv","time":"2026-02-17T00:52:23.583461+08:00","message":"Walking"}
{"level":"info","key":"episode","extracted":"E20","rule":"\\b([eE][pP]{0,1}[0-9]{1,}[上下]{0,1})","time":"2026-02-17T00:52:23.584303+08:00","message":"Captured episode"}
[2026-02-17 00:52:23] 解析文件 20.mkv => 剧集 name=春色JI情REN original_name=  E20
[2026-02-17 00:52:23]   新增
{"level":"info","parent_paths":"FakeLocalDrive/medias/C 春色JI情REN (2024)[剧情 爱情][李现 周雨彤]21集全","name":"20.nfo","time":"2026-02-17T00:52:23.584668+08:00","message":"Walking"}
{"level":"info","parent_paths":"FakeLocalDrive/medias/C 春色JI情REN (2024)[剧情 爱情][李现 周雨彤]21集全","name":"21.mkv","time":"2026-02-17T00:52:23.585009+08:00","message":"Walking"}
{"level":"info","key":"episode","extracted":"E21","rule":"\\b([eE][pP]{0,1}[0-9]{1,}[上下]{0,1})","time":"2026-02-17T00:52:23.586101+08:00","message":"Captured episode"}
[2026-02-17 00:52:23] 解析文件 21.mkv => 剧集 name=春色JI情REN original_name=  E21
[2026-02-17 00:52:23]   新增
{"level":"info","parent_paths":"FakeLocalDrive/medias/C 春色JI情REN (2024)[剧情 爱情][李现 周雨彤]21集全","name":"21.nfo","time":"2026-02-17T00:52:23.586799+08:00","message":"Walking"}
{"level":"info","parent_paths":"FakeLocalDrive/medias/C 春色JI情REN (2024)[剧情 爱情][李现 周雨彤]21集全","name":"fanart.jpg","time":"2026-02-17T00:52:23.587163+08:00","message":"Walking"}
{"level":"info","parent_paths":"FakeLocalDrive/medias/C 春色JI情REN (2024)[剧情 爱情][李现 周雨彤]21集全","name":"poster.jpg","time":"2026-02-17T00:52:23.587497+08:00","message":"Walking"}
{"level":"info","parent_paths":"FakeLocalDrive/medias/C 春色JI情REN (2024)[剧情 爱情][李现 周雨彤]21集全","name":"tvshow.nfo","time":"2026-02-17T00:52:23.587838+08:00","message":"Walking"}
{"level":"info","parent_paths":"FakeLocalDrive/medias","name":"Robot.Dreams.2023.BluRay.1080p.DD5.1.x264-BMDru","time":"2026-02-17T00:52:23.588136+08:00","message":"Walking"}
{"level":"info","key":"resolution","extracted":"1080p","rule":"（{0,1}(360|720|1080|2160)[pPiI]）{0,1}","time":"2026-02-17T00:52:23.589752+08:00","message":"Captured resolution"}
{"level":"info","key":"encode","extracted":"x264","rule":"[xX]26[45]","time":"2026-02-17T00:52:23.589796+08:00","message":"Captured encode"}
{"level":"info","key":"year","extracted":"2023","rule":"[(（]{0,1}[123]{1}[0-9]{3}[）)]{0,1}年{0,1}","time":"2026-02-17T00:52:23.589905+08:00","message":"Captured year"}
{"level":"info","key":"source","extracted":"BluRay","rule":"(UHD)[-.]?[bB][lL][uU][-.]?[rR][aA][yY]|[bB][lL][uU][-.]?[rR][aA][yY]","time":"2026-02-17T00:52:23.589916+08:00","message":"Captured source"}
{"level":"info","key":"original_name","extracted":"Robot.Dreams","rule":"[\\x{0400}-\\x{04FF}\\x{0800}-\\x{4e00}\\x{4e00}-\\x{9fa5}\\x{ac00}-\\x{d7a3}0-9a-zA-Z]{1,}[ \\.\\-&!,'（）：！？～×－\\x{0400}-\\x{04FF}\\x{0800}-\\x{4e00}\\x{4e00}-\\x{9fa5}\\x{ac00}-\\x{d7a3}0-9a-zA-Z]{1,}[）\\x{0400}-\\x{04FF}\\x{0800}-\\x{4e00}\\x{4e00}-\\x{9fa5}\\x{ac00}-\\x{d7a3}0-9a-zA-Z!！？－]","time":"2026-02-17T00:52:23.589947+08:00","message":"Captured original_name"}
{"level":"info","parent_paths":"FakeLocalDrive/medias/Robot.Dreams.2023.BluRay.1080p.DD5.1.x264-BMDru","name":"Robot.Dreams.2023.BluRay.1080p.DD5.1.x264-BMDru.md5&sha1.txt","time":"2026-02-17T00:52:23.590487+08:00","message":"Walking"}
[2026-02-17 00:52:23] 警告 Robot.Dreams.2023.BluRay.1080p.DD5.1.x264-BMDru.md5&sha1.txt: Unknown file type (FakeLocalDrive/medias/Robot.Dreams.2023.BluRay.1080p.DD5.1.x264-BMDru)
{"level":"info","parent_paths":"FakeLocalDrive/medias/Robot.Dreams.2023.BluRay.1080p.DD5.1.x264-BMDru","name":"Robot.Dreams.2023.BluRay.1080p.DD5.1.x264-BMDru.mkv","time":"2026-02-17T00:52:23.590841+08:00","message":"Walking"}
{"level":"info","key":"resolution","extracted":"1080p","rule":"（{0,1}(360|720|1080|2160)[pPiI]）{0,1}","time":"2026-02-17T00:52:23.591666+08:00","message":"Captured resolution"}
{"level":"info","key":"encode","extracted":"x264","rule":"[xX]26[45]","time":"2026-02-17T00:52:23.591707+08:00","message":"Captured encode"}
{"level":"info","key":"year","extracted":"2023","rule":"[(（]{0,1}[123]{1}[0-9]{3}[）)]{0,1}年{0,1}","time":"2026-02-17T00:52:23.591811+08:00","message":"Captured year"}
{"level":"info","key":"source","extracted":"BluRay","rule":"(UHD)[-.]?[bB][lL][uU][-.]?[rR][aA][yY]|[bB][lL][uU][-.]?[rR][aA][yY]","time":"2026-02-17T00:52:23.591822+08:00","message":"Captured source"}
{"level":"info","key":"original_name","extracted":"Robot.Dreams","rule":"[\\x{0400}-\\x{04FF}\\x{0800}-\\x{4e00}\\x{4e00}-\\x{9fa5}\\x{ac00}-\\x{d7a3}0-9a-zA-Z]{1,}[ \\.\\-&!,'（）：！？～×－\\x{0400}-\\x{04FF}\\x{0800}-\\x{4e00}\\x{4e00}-\\x{9fa5}\\x{ac00}-\\x{d7a3}0-9a-zA-Z]{1,}[）\\x{0400}-\\x{04FF}\\x{0800}-\\x{4e00}\\x{4e00}-\\x{9fa5}\\x{ac00}-\\x{d7a3}0-9a-zA-Z!！？－]","time":"2026-02-17T00:52:23.59185+08:00","message":"Captured original_name"}
[2026-02-17 00:52:23] 解析文件 Robot.Dreams.2023.BluRay.1080p.DD5.1.x264-BMDru.mkv => 剧集 name= original_name=Robot.Dreams  
[2026-02-17 00:52:23]   新增
{"level":"info","parent_paths":"FakeLocalDrive/medias/Robot.Dreams.2023.BluRay.1080p.DD5.1.x264-BMDru","name":"Robot.Dreams.2023.BluRay.1080p.DD5.1.x264-BMDru.nfo","time":"2026-02-17T00:52:23.592206+08:00","message":"Walking"}
{"level":"info","parent_paths":"FakeLocalDrive/medias/Robot.Dreams.2023.BluRay.1080p.DD5.1.x264-BMDru","name":"p2909289839.jpg","time":"2026-02-17T00:52:23.592533+08:00","message":"Walking"}
{"level":"info","parent_paths":"FakeLocalDrive/medias/Robot.Dreams.2023.BluRay.1080p.DD5.1.x264-BMDru","name":"新建文本文档.txt","time":"2026-02-17T00:52:23.592828+08:00","message":"Walking"}
[2026-02-17 00:52:23] 警告 新建文本文档.txt: Unknown file type (FakeLocalDrive/medias/Robot.Dreams.2023.BluRay.1080p.DD5.1.x264-BMDru)
{"level":"info","parent_paths":"FakeLocalDrive/medias","name":"【B站】英语六级CET6全程班","time":"2026-02-17T00:52:23.593373+08:00","message":"Walking"}
{"level":"info","key":"name","extracted":"英语六级CET6全程班","rule":"chinese name3","time":"2026-02-17T00:52:23.595123+08:00","message":"Captured name"}
{"level":"info","parent_paths":"FakeLocalDrive/medias/【B站】英语六级CET6全程班","name":"E01.六级导学课.mp4","time":"2026-02-17T00:52:23.59603+08:00","message":"Walking"}
{"level":"info","key":"episode","extracted":"E01","rule":"\\b([eE][pP]{0,1}[0-9]{1,}[上下]{0,1})","time":"2026-02-17T00:52:23.597532+08:00","message":"Captured episode"}
[2026-02-17 00:52:23] 解析文件 E01.六级导学课.mp4 => 剧集 name=英语六级CET6全程班 original_name=  E01
[2026-02-17 00:52:23]   新增
{"level":"info","parent_paths":"FakeLocalDrive/medias/【B站】英语六级CET6全程班","name":"E01.六级导学课.nfo","time":"2026-02-17T00:52:23.598028+08:00","message":"Walking"}
{"level":"info","parent_paths":"FakeLocalDrive/medias/【B站】英语六级CET6全程班","name":"E02.六级核心词汇1.mp4","time":"2026-02-17T00:52:23.598528+08:00","message":"Walking"}
{"level":"info","key":"episode","extracted":"E02","rule":"\\b([eE][pP]{0,1}[0-9]{1,}[上下]{0,1})","time":"2026-02-17T00:52:23.599395+08:00","message":"Captured episode"}
[2026-02-17 00:52:23] 解析文件 E02.六级核心词汇1.mp4 => 剧集 name=英语六级CET6全程班 original_name=  E02
[2026-02-17 00:52:23]   新增
{"level":"info","parent_paths":"FakeLocalDrive/medias/【B站】英语六级CET6全程班","name":"E02.六级核心词汇1.nfo","time":"2026-02-17T00:52:23.599972+08:00","message":"Walking"}
{"level":"info","parent_paths":"FakeLocalDrive/medias/【B站】英语六级CET6全程班","name":"E03.六级核心词汇2.mp4","time":"2026-02-17T00:52:23.600412+08:00","message":"Walking"}
{"level":"info","key":"episode","extracted":"E03","rule":"\\b([eE][pP]{0,1}[0-9]{1,}[上下]{0,1})","time":"2026-02-17T00:52:23.602016+08:00","message":"Captured episode"}
[2026-02-17 00:52:23] 解析文件 E03.六级核心词汇2.mp4 => 剧集 name=英语六级CET6全程班 original_name=  E03
[2026-02-17 00:52:23]   新增
{"level":"info","parent_paths":"FakeLocalDrive/medias/【B站】英语六级CET6全程班","name":"E03.六级核心词汇2.nfo","time":"2026-02-17T00:52:23.602584+08:00","message":"Walking"}
{"level":"info","parent_paths":"FakeLocalDrive/medias/【B站】英语六级CET6全程班","name":"E04.六级核心词汇3.mp4","time":"2026-02-17T00:52:23.602936+08:00","message":"Walking"}
{"level":"info","key":"episode","extracted":"E04","rule":"\\b([eE][pP]{0,1}[0-9]{1,}[上下]{0,1})","time":"2026-02-17T00:52:23.604028+08:00","message":"Captured episode"}
[2026-02-17 00:52:23] 解析文件 E04.六级核心词汇3.mp4 => 剧集 name=英语六级CET6全程班 original_name=  E04
[2026-02-17 00:52:23]   新增
{"level":"info","parent_paths":"FakeLocalDrive/medias/【B站】英语六级CET6全程班","name":"E04.六级核心词汇3.nfo","time":"2026-02-17T00:52:23.60451+08:00","message":"Walking"}
{"level":"info","parent_paths":"FakeLocalDrive/medias/【B站】英语六级CET6全程班","name":"E05.六级核心词汇4.mp4","time":"2026-02-17T00:52:23.604855+08:00","message":"Walking"}
{"level":"info","key":"episode","extracted":"E05","rule":"\\b([eE][pP]{0,1}[0-9]{1,}[上下]{0,1})","time":"2026-02-17T00:52:23.605717+08:00","message":"Captured episode"}
[2026-02-17 00:52:23] 解析文件 E05.六级核心词汇4.mp4 => 剧集 name=英语六级CET6全程班 original_name=  E05
[2026-02-17 00:52:23]   新增
{"level":"info","parent_paths":"FakeLocalDrive/medias/【B站】英语六级CET6全程班","name":"E05.六级核心词汇4.nfo","time":"2026-02-17T00:52:23.606227+08:00","message":"Walking"}
{"level":"info","parent_paths":"FakeLocalDrive/medias/【B站】英语六级CET6全程班","name":"E06.六级核心词汇5.mp4","time":"2026-02-17T00:52:23.606514+08:00","message":"Walking"}
{"level":"info","key":"episode","extracted":"E06","rule":"\\b([eE][pP]{0,1}[0-9]{1,}[上下]{0,1})","time":"2026-02-17T00:52:23.607284+08:00","message":"Captured episode"}
[2026-02-17 00:52:23] 解析文件 E06.六级核心词汇5.mp4 => 剧集 name=英语六级CET6全程班 original_name=  E06
[2026-02-17 00:52:23]   新增
{"level":"info","parent_paths":"FakeLocalDrive/medias/【B站】英语六级CET6全程班","name":"E06.六级核心词汇5.nfo","time":"2026-02-17T00:52:23.607682+08:00","message":"Walking"}
{"level":"info","parent_paths":"FakeLocalDrive/medias/【B站】英语六级CET6全程班","name":"E07.六级核心词汇6.mp4","time":"2026-02-17T00:52:23.608045+08:00","message":"Walking"}
{"level":"info","key":"episode","extracted":"E07","rule":"\\b([eE][pP]{0,1}[0-9]{1,}[上下]{0,1})","time":"2026-02-17T00:52:23.609158+08:00","message":"Captured episode"}
[2026-02-17 00:52:23] 解析文件 E07.六级核心词汇6.mp4 => 剧集 name=英语六级CET6全程班 original_name=  E07
[2026-02-17 00:52:23]   新增
{"level":"info","parent_paths":"FakeLocalDrive/medias/【B站】英语六级CET6全程班","name":"E07.六级核心词汇6.nfo","time":"2026-02-17T00:52:23.609614+08:00","message":"Walking"}
{"level":"info","parent_paths":"FakeLocalDrive/medias/【B站】英语六级CET6全程班","name":"E08.六级核心词汇7.mp4","time":"2026-02-17T00:52:23.61006+08:00","message":"Walking"}
{"level":"info","key":"episode","extracted":"E08","rule":"\\b([eE][pP]{0,1}[0-9]{1,}[上下]{0,1})","time":"2026-02-17T00:52:23.611751+08:00","message":"Captured episode"}
[2026-02-17 00:52:23] 解析文件 E08.六级核心词汇7.mp4 => 剧集 name=英语六级CET6全程班 original_name=  E08
[2026-02-17 00:52:23]   新增
{"level":"info","parent_paths":"FakeLocalDrive/medias/【B站】英语六级CET6全程班","name":"E08.六级核心词汇7.nfo","time":"2026-02-17T00:52:23.61236+08:00","message":"Walking"}
{"level":"info","parent_paths":"FakeLocalDrive/medias/【B站】英语六级CET6全程班","name":"E09.六级核心词汇8.mp4","time":"2026-02-17T00:52:23.612716+08:00","message":"Walking"}
{"level":"info","key":"episode","extracted":"E09","rule":"\\b([eE][pP]{0,1}[0-9]{1,}[上下]{0,1})","time":"2026-02-17T00:52:23.613814+08:00","message":"Captured episode"}
[2026-02-17 00:52:23] 解析文件 E09.六级核心词汇8.mp4 => 剧集 name=英语六级CET6全程班 original_name=  E09
[2026-02-17 00:52:23]   新增
{"level":"info","parent_paths":"FakeLocalDrive/medias/【B站】英语六级CET6全程班","name":"E09.六级核心词汇8.nfo","time":"2026-02-17T00:52:23.614265+08:00","message":"Walking"}
{"level":"info","parent_paths":"FakeLocalDrive/medias/【B站】英语六级CET6全程班","name":"E10.六级核心词汇9.mp4","time":"2026-02-17T00:52:23.614577+08:00","message":"Walking"}
{"level":"info","key":"episode","extracted":"E10","rule":"\\b([eE][pP]{0,1}[0-9]{1,}[上下]{0,1})","time":"2026-02-17T00:52:23.615525+08:00","message":"Captured episode"}
[2026-02-17 00:52:23] 解析文件 E10.六级核心词汇9.mp4 => 剧集 name=英语六级CET6全程班 original_name=  E10
[2026-02-17 00:52:23]   新增
{"level":"info","parent_paths":"FakeLocalDrive/medias/【B站】英语六级CET6全程班","name":"E10.六级核心词汇9.nfo","time":"2026-02-17T00:52:23.616423+08:00","message":"Walking"}
{"level":"info","parent_paths":"FakeLocalDrive/medias/【B站】英语六级CET6全程班","name":"E11.六级语法导学课.mp4","time":"2026-02-17T00:52:23.616779+08:00","message":"Walking"}
{"level":"info","key":"episode","extracted":"E11","rule":"\\b([eE][pP]{0,1}[0-9]{1,}[上下]{0,1})","time":"2026-02-17T00:52:23.617598+08:00","message":"Captured episode"}
[2026-02-17 00:52:23] 解析文件 E11.六级语法导学课.mp4 => 剧集 name=英语六级CET6全程班 original_name=  E11
[2026-02-17 00:52:23]   新增
{"level":"info","parent_paths":"FakeLocalDrive/medias/【B站】英语六级CET6全程班","name":"E11.六级语法导学课.nfo","time":"2026-02-17T00:52:23.618004+08:00","message":"Walking"}
{"level":"info","parent_paths":"FakeLocalDrive/medias/【B站】英语六级CET6全程班","name":"E12.六级语法精讲1：句子结构.mp4","time":"2026-02-17T00:52:23.618541+08:00","message":"Walking"}
{"level":"info","key":"episode","extracted":"E12","rule":"\\b([eE][pP]{0,1}[0-9]{1,}[上下]{0,1})","time":"2026-02-17T00:52:23.619677+08:00","message":"Captured episode"}
[2026-02-17 00:52:23] 解析文件 E12.六级语法精讲1：句子结构.mp4 => 剧集 name=英语六级CET6全程班 original_name=  E12
[2026-02-17 00:52:23]   新增
{"level":"info","parent_paths":"FakeLocalDrive/medias/【B站】英语六级CET6全程班","name":"E12.六级语法精讲1：句子结构.nfo","time":"2026-02-17T00:52:23.620261+08:00","message":"Walking"}
{"level":"info","parent_paths":"FakeLocalDrive/medias/【B站】英语六级CET6全程班","name":"E13.六级语法精讲2：句子成分.mp4","time":"2026-02-17T00:52:23.620628+08:00","message":"Walking"}
{"level":"info","key":"episode","extracted":"E13","rule":"\\b([eE][pP]{0,1}[0-9]{1,}[上下]{0,1})","time":"2026-02-17T00:52:23.621899+08:00","message":"Captured episode"}
[2026-02-17 00:52:23] 解析文件 E13.六级语法精讲2：句子成分.mp4 => 剧集 name=英语六级CET6全程班 original_name=  E13
[2026-02-17 00:52:23]   新增
{"level":"info","parent_paths":"FakeLocalDrive/medias/【B站】英语六级CET6全程班","name":"E13.六级语法精讲2：句子成分.nfo","time":"2026-02-17T00:52:23.622321+08:00","message":"Walking"}
{"level":"info","parent_paths":"FakeLocalDrive/medias/【B站】英语六级CET6全程班","name":"E14.六级语法精讲3：搞定长难句.mp4","time":"2026-02-17T00:52:23.622657+08:00","message":"Walking"}
{"level":"info","key":"episode","extracted":"E14","rule":"\\b([eE][pP]{0,1}[0-9]{1,}[上下]{0,1})","time":"2026-02-17T00:52:23.62377+08:00","message":"Captured episode"}
[2026-02-17 00:52:23] 解析文件 E14.六级语法精讲3：搞定长难句.mp4 => 剧集 name=英语六级CET6全程班 original_name=  E14
[2026-02-17 00:52:23]   新增
{"level":"info","parent_paths":"FakeLocalDrive/medias/【B站】英语六级CET6全程班","name":"E14.六级语法精讲3：搞定长难句.nfo","time":"2026-02-17T00:52:23.624203+08:00","message":"Walking"}
{"level":"info","parent_paths":"FakeLocalDrive/medias/【B站】英语六级CET6全程班","name":"E15.六级.语法精讲4：主宾表从句.mp4","time":"2026-02-17T00:52:23.624522+08:00","message":"Walking"}
{"level":"info","key":"episode","extracted":"E15","rule":"\\b([eE][pP]{0,1}[0-9]{1,}[上下]{0,1})","time":"2026-02-17T00:52:23.625406+08:00","message":"Captured episode"}
[2026-02-17 00:52:23] 解析文件 E15.六级.语法精讲4：主宾表从句.mp4 => 剧集 name=英语六级CET6全程班 original_name=  E15
[2026-02-17 00:52:23]   新增
{"level":"info","parent_paths":"FakeLocalDrive/medias/【B站】英语六级CET6全程班","name":"E15.六级.语法精讲4：主宾表从句.nfo","time":"2026-02-17T00:52:23.625939+08:00","message":"Walking"}
{"level":"info","parent_paths":"FakeLocalDrive/medias/【B站】英语六级CET6全程班","name":"E16.六级语法精讲5：定状同从句.mp4","time":"2026-02-17T00:52:23.626389+08:00","message":"Walking"}
{"level":"info","key":"episode","extracted":"E16","rule":"\\b([eE][pP]{0,1}[0-9]{1,}[上下]{0,1})","time":"2026-02-17T00:52:23.627933+08:00","message":"Captured episode"}
[2026-02-17 00:52:23] 解析文件 E16.六级语法精讲5：定状同从句.mp4 => 剧集 name=英语六级CET6全程班 original_name=  E16
[2026-02-17 00:52:23]   新增
{"level":"info","parent_paths":"FakeLocalDrive/medias/【B站】英语六级CET6全程班","name":"E16.六级语法精讲5：定状同从句.nfo","time":"2026-02-17T00:52:23.628968+08:00","message":"Walking"}
{"level":"info","parent_paths":"FakeLocalDrive/medias/【B站】英语六级CET6全程班","name":"E17.六级语法精讲6：长难句特训.mp4","time":"2026-02-17T00:52:23.629361+08:00","message":"Walking"}
{"level":"info","key":"episode","extracted":"E17","rule":"\\b([eE][pP]{0,1}[0-9]{1,}[上下]{0,1})","time":"2026-02-17T00:52:23.630461+08:00","message":"Captured episode"}
[2026-02-17 00:52:23] 解析文件 E17.六级语法精讲6：长难句特训.mp4 => 剧集 name=英语六级CET6全程班 original_name=  E17
[2026-02-17 00:52:23]   新增
{"level":"info","parent_paths":"FakeLocalDrive/medias/【B站】英语六级CET6全程班","name":"E17.六级语法精讲6：长难句特训.nfo","time":"2026-02-17T00:52:23.63093+08:00","message":"Walking"}
{"level":"info","parent_paths":"FakeLocalDrive/medias/【B站】英语六级CET6全程班","name":"E18.听力核心技巧1：核心应试技巧＋答疑.mp4","time":"2026-02-17T00:52:23.631269+08:00","message":"Walking"}
{"level":"info","key":"episode","extracted":"E18","rule":"\\b([eE][pP]{0,1}[0-9]{1,}[上下]{0,1})","time":"2026-02-17T00:52:23.632231+08:00","message":"Captured episode"}
[2026-02-17 00:52:23] 解析文件 E18.听力核心技巧1：核心应试技巧＋答疑.mp4 => 剧集 name=英语六级CET6全程班 original_name=  E18
[2026-02-17 00:52:23]   新增
{"level":"info","parent_paths":"FakeLocalDrive/medias/【B站】英语六级CET6全程班","name":"E18.听力核心技巧1：核心应试技巧＋答疑.nfo","time":"2026-02-17T00:52:23.632874+08:00","message":"Walking"}
{"level":"info","parent_paths":"FakeLocalDrive/medias/【B站】英语六级CET6全程班","name":"E19.听力核心技巧2：读题方法与做题节奏＋答疑.mp4","time":"2026-02-17T00:52:23.633208+08:00","message":"Walking"}
{"level":"info","key":"episode","extracted":"E19","rule":"\\b([eE][pP]{0,1}[0-9]{1,}[上下]{0,1})","time":"2026-02-17T00:52:23.63433+08:00","message":"Captured episode"}
[2026-02-17 00:52:23] 解析文件 E19.听力核心技巧2：读题方法与做题节奏＋答疑.mp4 => 剧集 name=英语六级CET6全程班 original_name=  E19
[2026-02-17 00:52:23]   新增
{"level":"info","parent_paths":"FakeLocalDrive/medias/【B站】英语六级CET6全程班","name":"E19.听力核心技巧2：读题方法与做题节奏＋答疑.nfo","time":"2026-02-17T00:52:23.634763+08:00","message":"Walking"}
{"level":"info","parent_paths":"FakeLocalDrive/medias/【B站】英语六级CET6全程班","name":"E20.听力核心技巧3：长对话解题技巧＋答疑.mp4","time":"2026-02-17T00:52:23.635075+08:00","message":"Walking"}
{"level":"info","key":"episode","extracted":"E20","rule":"\\b([eE][pP]{0,1}[0-9]{1,}[上下]{0,1})","time":"2026-02-17T00:52:23.636+08:00","message":"Captured episode"}
[2026-02-17 00:52:23] 解析文件 E20.听力核心技巧3：长对话解题技巧＋答疑.mp4 => 剧集 name=英语六级CET6全程班 original_name=  E20
[2026-02-17 00:52:23]   新增
{"level":"info","parent_paths":"FakeLocalDrive/medias/【B站】英语六级CET6全程班","name":"E20.听力核心技巧3：长对话解题技巧＋答疑.nfo","time":"2026-02-17T00:52:23.636464+08:00","message":"Walking"}
{"level":"info","parent_paths":"FakeLocalDrive/medias/【B站】英语六级CET6全程班","name":"E21.听力带练1：长对话专项训练一.mp4","time":"2026-02-17T00:52:23.637055+08:00","message":"Walking"}
{"level":"info","key":"episode","extracted":"E21","rule":"\\b([eE][pP]{0,1}[0-9]{1,}[上下]{0,1})","time":"2026-02-17T00:52:23.63827+08:00","message":"Captured episode"}
[2026-02-17 00:52:23] 解析文件 E21.听力带练1：长对话专项训练一.mp4 => 剧集 name=英语六级CET6全程班 original_name=  E21
[2026-02-17 00:52:23]   新增
{"level":"info","parent_paths":"FakeLocalDrive/medias/【B站】英语六级CET6全程班","name":"E21.听力带练1：长对话专项训练一.nfo","time":"2026-02-17T00:52:23.638946+08:00","message":"Walking"}
{"level":"info","parent_paths":"FakeLocalDrive/medias/【B站】英语六级CET6全程班","name":"E22.听力带练2：长对话专项训练二.mp4","time":"2026-02-17T00:52:23.639317+08:00","message":"Walking"}
{"level":"info","key":"episode","extracted":"E22","rule":"\\b([eE][pP]{0,1}[0-9]{1,}[上下]{0,1})","time":"2026-02-17T00:52:23.640113+08:00","message":"Captured episode"}
[2026-02-17 00:52:23] 解析文件 E22.听力带练2：长对话专项训练二.mp4 => 剧集 name=英语六级CET6全程班 original_name=  E22
[2026-02-17 00:52:23]   新增
{"level":"info","parent_paths":"FakeLocalDrive/medias/【B站】英语六级CET6全程班","name":"E22.听力带练2：长对话专项训练二.nfo","time":"2026-02-17T00:52:23.640568+08:00","message":"Walking"}
{"level":"info","parent_paths":"FakeLocalDrive/medias/【B站】英语六级CET6全程班","name":"E23.阅读技巧1：连连看方法.mp4","time":"2026-02-17T00:52:23.640892+08:00","message":"Walking"}
{"level":"info","key":"episode","extracted":"E23","rule":"\\b([eE][pP]{0,1}[0-9]{1,}[上下]{0,1})","time":"2026-02-17T00:52:23.641654+08:00","message":"Captured episode"}
[2026-02-17 00:52:23] 解析文件 E23.阅读技巧1：连连看方法.mp4 => 剧集 name=英语六级CET6全程班 original_name=  E23
[2026-02-17 00:52:23]   新增
{"level":"info","parent_paths":"FakeLocalDrive/medias/【B站】英语六级CET6全程班","name":"E23.阅读技巧1：连连看方法.nfo","time":"2026-02-17T00:52:23.64207+08:00","message":"Walking"}
{"level":"info","parent_paths":"FakeLocalDrive/medias/【B站】英语六级CET6全程班","name":"E24.阅读技巧2：定位词、比较考点、段落主旨.mp4","time":"2026-02-17T00:52:23.642373+08:00","message":"Walking"}
{"level":"info","key":"episode","extracted":"E24","rule":"\\b([eE][pP]{0,1}[0-9]{1,}[上下]{0,1})","time":"2026-02-17T00:52:23.643703+08:00","message":"Captured episode"}
[2026-02-17 00:52:23] 解析文件 E24.阅读技巧2：定位词、比较考点、段落主旨.mp4 => 剧集 name=英语六级CET6全程班 original_name=  E24
[2026-02-17 00:52:23]   新增
{"level":"info","parent_paths":"FakeLocalDrive/medias/【B站】英语六级CET6全程班","name":"E24.阅读技巧2：定位词、比较考点、段落主旨.nfo","time":"2026-02-17T00:52:23.645104+08:00","message":"Walking"}
{"level":"info","parent_paths":"FakeLocalDrive/medias/【B站】英语六级CET6全程班","name":"E25.仔细阅读passage6解析.mp4","time":"2026-02-17T00:52:23.645479+08:00","message":"Walking"}
{"level":"info","key":"episode","extracted":"E25","rule":"\\b([eE][pP]{0,1}[0-9]{1,}[上下]{0,1})","time":"2026-02-17T00:52:23.646275+08:00","message":"Captured episode"}
[2026-02-17 00:52:23] 解析文件 E25.仔细阅读passage6解析.mp4 => 剧集 name=英语六级CET6全程班 original_name=  E25
[2026-02-17 00:52:23]   新增
{"level":"info","parent_paths":"FakeLocalDrive/medias/【B站】英语六级CET6全程班","name":"E25.仔细阅读passage6解析.nfo","time":"2026-02-17T00:52:23.646676+08:00","message":"Walking"}
{"level":"info","parent_paths":"FakeLocalDrive/medias/【B站】英语六级CET6全程班","name":"E26.仔细阅读passage7解析.mp4","time":"2026-02-17T00:52:23.647223+08:00","message":"Walking"}
{"level":"info","key":"episode","extracted":"E26","rule":"\\b([eE][pP]{0,1}[0-9]{1,}[上下]{0,1})","time":"2026-02-17T00:52:23.648336+08:00","message":"Captured episode"}
[2026-02-17 00:52:23] 解析文件 E26.仔细阅读passage7解析.mp4 => 剧集 name=英语六级CET6全程班 original_name=  E26
[2026-02-17 00:52:23]   新增
{"level":"info","parent_paths":"FakeLocalDrive/medias/【B站】英语六级CET6全程班","name":"E26.仔细阅读passage7解析.nfo","time":"2026-02-17T00:52:23.648784+08:00","message":"Walking"}
{"level":"info","parent_paths":"FakeLocalDrive/medias/【B站】英语六级CET6全程班","name":"E27.翻译1：动态三步法+荷花＋答疑.mp4","time":"2026-02-17T00:52:23.649087+08:00","message":"Walking"}
{"level":"info","key":"episode","extracted":"E27","rule":"\\b([eE][pP]{0,1}[0-9]{1,}[上下]{0,1})","time":"2026-02-17T00:52:23.650042+08:00","message":"Captured episode"}
[2026-02-17 00:52:23] 解析文件 E27.翻译1：动态三步法+荷花＋答疑.mp4 => 剧集 name=英语六级CET6全程班 original_name=  E27
[2026-02-17 00:52:23]   新增
{"level":"info","parent_paths":"FakeLocalDrive/medias/【B站】英语六级CET6全程班","name":"E27.翻译1：动态三步法+荷花＋答疑.nfo","time":"2026-02-17T00:52:23.650745+08:00","message":"Walking"}
{"level":"info","parent_paths":"FakeLocalDrive/medias/【B站】英语六级CET6全程班","name":"E28.翻译2：常考高频语法点及重点句式＋答疑.mp4","time":"2026-02-17T00:52:23.651091+08:00","message":"Walking"}
{"level":"info","key":"episode","extracted":"E28","rule":"\\b([eE][pP]{0,1}[0-9]{1,}[上下]{0,1})","time":"2026-02-17T00:52:23.651913+08:00","message":"Captured episode"}
[2026-02-17 00:52:23] 解析文件 E28.翻译2：常考高频语法点及重点句式＋答疑.mp4 => 剧集 name=英语六级CET6全程班 original_name=  E28
[2026-02-17 00:52:23]   新增
{"level":"info","parent_paths":"FakeLocalDrive/medias/【B站】英语六级CET6全程班","name":"E28.翻译2：常考高频语法点及重点句式＋答疑.nfo","time":"2026-02-17T00:52:23.652432+08:00","message":"Walking"}
{"level":"info","parent_paths":"FakeLocalDrive/medias/【B站】英语六级CET6全程班","name":"E29.翻译实训1：西游记.mp4","time":"2026-02-17T00:52:23.652986+08:00","message":"Walking"}
{"level":"info","key":"episode","extracted":"E29","rule":"\\b([eE][pP]{0,1}[0-9]{1,}[上下]{0,1})","time":"2026-02-17T00:52:23.654743+08:00","message":"Captured episode"}
[2026-02-17 00:52:23] 解析文件 E29.翻译实训1：西游记.mp4 => 剧集 name=英语六级CET6全程班 original_name=  E29
[2026-02-17 00:52:23]   新增
{"level":"info","parent_paths":"FakeLocalDrive/medias/【B站】英语六级CET6全程班","name":"E29.翻译实训1：西游记.nfo","time":"2026-02-17T00:52:23.655198+08:00","message":"Walking"}
{"level":"info","parent_paths":"FakeLocalDrive/medias/【B站】英语六级CET6全程班","name":"E30.翻译实训2：港珠澳大桥.mp4","time":"2026-02-17T00:52:23.655824+08:00","message":"Walking"}
{"level":"info","key":"episode","extracted":"E30","rule":"\\b([eE][pP]{0,1}[0-9]{1,}[上下]{0,1})","time":"2026-02-17T00:52:23.656665+08:00","message":"Captured episode"}
[2026-02-17 00:52:23] 解析文件 E30.翻译实训2：港珠澳大桥.mp4 => 剧集 name=英语六级CET6全程班 original_name=  E30
[2026-02-17 00:52:23]   新增
{"level":"info","parent_paths":"FakeLocalDrive/medias/【B站】英语六级CET6全程班","name":"E30.翻译实训2：港珠澳大桥.nfo","time":"2026-02-17T00:52:23.657097+08:00","message":"Walking"}
{"level":"info","parent_paths":"FakeLocalDrive/medias/【B站】英语六级CET6全程班","name":"E31.写作1：立体化审题+救命作文1＋答疑.mp4","time":"2026-02-17T00:52:23.657479+08:00","message":"Walking"}
{"level":"info","key":"episode","extracted":"E31","rule":"\\b([eE][pP]{0,1}[0-9]{1,}[上下]{0,1})","time":"2026-02-17T00:52:23.658754+08:00","message":"Captured episode"}
[2026-02-17 00:52:23] 解析文件 E31.写作1：立体化审题+救命作文1＋答疑.mp4 => 剧集 name=英语六级CET6全程班 original_name=  E31
[2026-02-17 00:52:23]   新增
{"level":"info","parent_paths":"FakeLocalDrive/medias/【B站】英语六级CET6全程班","name":"E31.写作1：立体化审题+救命作文1＋答疑.nfo","time":"2026-02-17T00:52:23.659166+08:00","message":"Walking"}
{"level":"info","parent_paths":"FakeLocalDrive/medias/【B站】英语六级CET6全程班","name":"E32.写作2：救命作文2＋答疑.mp4","time":"2026-02-17T00:52:23.659491+08:00","message":"Walking"}
{"level":"info","key":"episode","extracted":"E32","rule":"\\b([eE][pP]{0,1}[0-9]{1,}[上下]{0,1})","time":"2026-02-17T00:52:23.660245+08:00","message":"Captured episode"}
[2026-02-17 00:52:23] 解析文件 E32.写作2：救命作文2＋答疑.mp4 => 剧集 name=英语六级CET6全程班 original_name=  E32
[2026-02-17 00:52:23]   新增
{"level":"info","parent_paths":"FakeLocalDrive/medias/【B站】英语六级CET6全程班","name":"E32.写作2：救命作文2＋答疑.nfo","time":"2026-02-17T00:52:23.660991+08:00","message":"Walking"}
{"level":"info","parent_paths":"FakeLocalDrive/medias/【B站】英语六级CET6全程班","name":"E33.写作实训1：名言评论.mp4","time":"2026-02-17T00:52:23.661451+08:00","message":"Walking"}
{"level":"info","key":"episode","extracted":"E33","rule":"\\b([eE][pP]{0,1}[0-9]{1,}[上下]{0,1})","time":"2026-02-17T00:52:23.662558+08:00","message":"Captured episode"}
[2026-02-17 00:52:23] 解析文件 E33.写作实训1：名言评论.mp4 => 剧集 name=英语六级CET6全程班 original_name=  E33
[2026-02-17 00:52:23]   新增
{"level":"info","parent_paths":"FakeLocalDrive/medias/【B站】英语六级CET6全程班","name":"E33.写作实训1：名言评论.nfo","time":"2026-02-17T00:52:23.663103+08:00","message":"Walking"}
{"level":"info","parent_paths":"FakeLocalDrive/medias/【B站】英语六级CET6全程班","name":"E34.写作实训2：意义阐述.mp4","time":"2026-02-17T00:52:23.663435+08:00","message":"Walking"}
{"level":"info","key":"episode","extracted":"E34","rule":"\\b([eE][pP]{0,1}[0-9]{1,}[上下]{0,1})","time":"2026-02-17T00:52:23.664615+08:00","message":"Captured episode"}
[2026-02-17 00:52:23] 解析文件 E34.写作实训2：意义阐述.mp4 => 剧集 name=英语六级CET6全程班 original_name=  E34
[2026-02-17 00:52:23]   新增
{"level":"info","parent_paths":"FakeLocalDrive/medias/【B站】英语六级CET6全程班","name":"E34.写作实训2：意义阐述.nfo","time":"2026-02-17T00:52:23.664974+08:00","message":"Walking"}
{"level":"info","parent_paths":"FakeLocalDrive/medias","name":"吞噬星空","time":"2026-02-17T00:52:23.665527+08:00","message":"Walking"}
{"level":"info","key":"name","extracted":"吞噬星空","rule":"chinese name3","time":"2026-02-17T00:52:23.666338+08:00","message":"Captured name"}
{"level":"info","parent_paths":"FakeLocalDrive/medias/吞噬星空","name":".DS_Store","time":"2026-02-17T00:52:23.666986+08:00","message":"Walking"}
[2026-02-17 00:52:23] 警告 .DS_Store: Unknown file type (FakeLocalDrive/medias/吞噬星空)
{"level":"info","parent_paths":"FakeLocalDrive/medias/吞噬星空","name":"01.nfo","time":"2026-02-17T00:52:23.667485+08:00","message":"Walking"}
{"level":"info","parent_paths":"FakeLocalDrive/medias/吞噬星空","name":"01.strm","time":"2026-02-17T00:52:23.667945+08:00","message":"Walking"}
{"level":"info","key":"original_name","extracted":"strm","rule":"^([a-zA-Z-!]{1,}\\.{1}){0,}[a-zA-Z-!]{1,}(\\.[0-9]{1,2}){0,1}(\\.|$)","time":"2026-02-17T00:52:23.6698+08:00","message":"Captured original_name"}
[2026-02-17 00:52:23] 解析文件 01.strm => 剧集 name=吞噬星空 original_name=  
[2026-02-17 00:52:23]   新增
{"level":"info","parent_paths":"FakeLocalDrive/medias/吞噬星空","name":"02.nfo","time":"2026-02-17T00:52:23.670284+08:00","message":"Walking"}
{"level":"info","parent_paths":"FakeLocalDrive/medias/吞噬星空","name":"02.strm","time":"2026-02-17T00:52:23.670638+08:00","message":"Walking"}
{"level":"info","key":"original_name","extracted":"strm","rule":"^([a-zA-Z-!]{1,}\\.{1}){0,}[a-zA-Z-!]{1,}(\\.[0-9]{1,2}){0,1}(\\.|$)","time":"2026-02-17T00:52:23.671429+08:00","message":"Captured original_name"}
[2026-02-17 00:52:23] 解析文件 02.strm => 剧集 name=吞噬星空 original_name=  
[2026-02-17 00:52:23]   新增
{"level":"info","parent_paths":"FakeLocalDrive/medias/吞噬星空","name":"03.nfo","time":"2026-02-17T00:52:23.671747+08:00","message":"Walking"}
{"level":"info","parent_paths":"FakeLocalDrive/medias/吞噬星空","name":"03.strm","time":"2026-02-17T00:52:23.672048+08:00","message":"Walking"}
{"level":"info","key":"original_name","extracted":"strm","rule":"^([a-zA-Z-!]{1,}\\.{1}){0,}[a-zA-Z-!]{1,}(\\.[0-9]{1,2}){0,1}(\\.|$)","time":"2026-02-17T00:52:23.673063+08:00","message":"Captured original_name"}
[2026-02-17 00:52:23] 解析文件 03.strm => 剧集 name=吞噬星空 original_name=  
[2026-02-17 00:52:23]   新增
{"level":"info","parent_paths":"FakeLocalDrive/medias/吞噬星空","name":"04.nfo","time":"2026-02-17T00:52:23.67343+08:00","message":"Walking"}
{"level":"info","parent_paths":"FakeLocalDrive/medias/吞噬星空","name":"04.strm","time":"2026-02-17T00:52:23.673774+08:00","message":"Walking"}
{"level":"info","key":"original_name","extracted":"strm","rule":"^([a-zA-Z-!]{1,}\\.{1}){0,}[a-zA-Z-!]{1,}(\\.[0-9]{1,2}){0,1}(\\.|$)","time":"2026-02-17T00:52:23.674987+08:00","message":"Captured original_name"}
[2026-02-17 00:52:23] 解析文件 04.strm => 剧集 name=吞噬星空 original_name=  
[2026-02-17 00:52:23]   新增
{"level":"info","parent_paths":"FakeLocalDrive/medias/吞噬星空","name":"05.nfo","time":"2026-02-17T00:52:23.675431+08:00","message":"Walking"}
{"level":"info","parent_paths":"FakeLocalDrive/medias/吞噬星空","name":"05.strm","time":"2026-02-17T00:52:23.675967+08:00","message":"Walking"}
{"level":"info","key":"original_name","extracted":"strm","rule":"^([a-zA-Z-!]{1,}\\.{1}){0,}[a-zA-Z-!]{1,}(\\.[0-9]{1,2}){0,1}(\\.|$)","time":"2026-02-17T00:52:23.676916+08:00","message":"Captured original_name"}
[2026-02-17 00:52:23] 解析文件 05.strm => 剧集 name=吞噬星空 original_name=  
[2026-02-17 00:52:23]   新增
{"level":"info","parent_paths":"FakeLocalDrive/medias/吞噬星空","name":"fanart.jpg","time":"2026-02-17T00:52:23.677305+08:00","message":"Walking"}
{"level":"info","parent_paths":"FakeLocalDrive/medias/吞噬星空","name":"poster.jpg","time":"2026-02-17T00:52:23.678091+08:00","message":"Walking"}
{"level":"info","parent_paths":"FakeLocalDrive/medias/吞噬星空","name":"tvshow.nfo","time":"2026-02-17T00:52:23.67869+08:00","message":"Walking"}
{"level":"info","parent_paths":"FakeLocalDrive/medias","name":"唐朝诡事录之西行","time":"2026-02-17T00:52:23.679119+08:00","message":"Walking"}
{"level":"info","key":"name","extracted":"唐朝诡事录之西行","rule":"chinese name3","time":"2026-02-17T00:52:23.680044+08:00","message":"Captured name"}
{"level":"info","parent_paths":"FakeLocalDrive/medias/唐朝诡事录之西行","name":"01.mp4","time":"2026-02-17T00:52:23.681373+08:00","message":"Walking"}
{"level":"info","key":"episode","extracted":"E01","rule":"\\b([eE][pP]{0,1}[0-9]{1,}[上下]{0,1})","time":"2026-02-17T00:52:23.682544+08:00","message":"Captured episode"}
[2026-02-17 00:52:23] 解析文件 01.mp4 => 剧集 name=唐朝诡事录之西行 original_name=  E01
[2026-02-17 00:52:23]   新增
{"level":"info","parent_paths":"FakeLocalDrive/medias/唐朝诡事录之西行","name":"01.nfo","time":"2026-02-17T00:52:23.683145+08:00","message":"Walking"}
{"level":"info","parent_paths":"FakeLocalDrive/medias/唐朝诡事录之西行","name":"02.mp4","time":"2026-02-17T00:52:23.683458+08:00","message":"Walking"}
{"level":"info","key":"episode","extracted":"E02","rule":"\\b([eE][pP]{0,1}[0-9]{1,}[上下]{0,1})","time":"2026-02-17T00:52:23.684155+08:00","message":"Captured episode"}
[2026-02-17 00:52:23] 解析文件 02.mp4 => 剧集 name=唐朝诡事录之西行 original_name=  E02
[2026-02-17 00:52:23]   新增
{"level":"info","parent_paths":"FakeLocalDrive/medias/唐朝诡事录之西行","name":"02.nfo","time":"2026-02-17T00:52:23.684492+08:00","message":"Walking"}
{"level":"info","parent_paths":"FakeLocalDrive/medias/唐朝诡事录之西行","name":"03.mp4","time":"2026-02-17T00:52:23.684835+08:00","message":"Walking"}
{"level":"info","key":"episode","extracted":"E03","rule":"\\b([eE][pP]{0,1}[0-9]{1,}[上下]{0,1})","time":"2026-02-17T00:52:23.685572+08:00","message":"Captured episode"}
[2026-02-17 00:52:23] 解析文件 03.mp4 => 剧集 name=唐朝诡事录之西行 original_name=  E03
[2026-02-17 00:52:23]   新增
{"level":"info","parent_paths":"FakeLocalDrive/medias/唐朝诡事录之西行","name":"03.nfo","time":"2026-02-17T00:52:23.68622+08:00","message":"Walking"}
{"level":"info","parent_paths":"FakeLocalDrive/medias/唐朝诡事录之西行","name":"04.mp4","time":"2026-02-17T00:52:23.686638+08:00","message":"Walking"}
{"level":"info","key":"episode","extracted":"E04","rule":"\\b([eE][pP]{0,1}[0-9]{1,}[上下]{0,1})","time":"2026-02-17T00:52:23.687686+08:00","message":"Captured episode"}
[2026-02-17 00:52:23] 解析文件 04.mp4 => 剧集 name=唐朝诡事录之西行 original_name=  E04
[2026-02-17 00:52:23]   新增
{"level":"info","parent_paths":"FakeLocalDrive/medias/唐朝诡事录之西行","name":"04.nfo","time":"2026-02-17T00:52:23.688155+08:00","message":"Walking"}
{"level":"info","parent_paths":"FakeLocalDrive/medias/唐朝诡事录之西行","name":"05.mp4","time":"2026-02-17T00:52:23.688763+08:00","message":"Walking"}
{"level":"info","key":"episode","extracted":"E05","rule":"\\b([eE][pP]{0,1}[0-9]{1,}[上下]{0,1})","time":"2026-02-17T00:52:23.689539+08:00","message":"Captured episode"}
[2026-02-17 00:52:23] 解析文件 05.mp4 => 剧集 name=唐朝诡事录之西行 original_name=  E05
[2026-02-17 00:52:23]   新增
{"level":"info","parent_paths":"FakeLocalDrive/medias/唐朝诡事录之西行","name":"05.nfo","time":"2026-02-17T00:52:23.689859+08:00","message":"Walking"}
{"level":"info","parent_paths":"FakeLocalDrive/medias/唐朝诡事录之西行","name":"06.mp4","time":"2026-02-17T00:52:23.690171+08:00","message":"Walking"}
{"level":"info","key":"episode","extracted":"E06","rule":"\\b([eE][pP]{0,1}[0-9]{1,}[上下]{0,1})","time":"2026-02-17T00:52:23.69087+08:00","message":"Captured episode"}
[2026-02-17 00:52:23] 解析文件 06.mp4 => 剧集 name=唐朝诡事录之西行 original_name=  E06
[2026-02-17 00:52:23]   新增
{"level":"info","parent_paths":"FakeLocalDrive/medias/唐朝诡事录之西行","name":"06.nfo","time":"2026-02-17T00:52:23.691177+08:00","message":"Walking"}
{"level":"info","parent_paths":"FakeLocalDrive/medias/唐朝诡事录之西行","name":"07.mp4","time":"2026-02-17T00:52:23.69148+08:00","message":"Walking"}
{"level":"info","key":"episode","extracted":"E07","rule":"\\b([eE][pP]{0,1}[0-9]{1,}[上下]{0,1})","time":"2026-02-17T00:52:23.69261+08:00","message":"Captured episode"}
[2026-02-17 00:52:23] 解析文件 07.mp4 => 剧集 name=唐朝诡事录之西行 original_name=  E07
[2026-02-17 00:52:23]   新增
{"level":"info","parent_paths":"FakeLocalDrive/medias/唐朝诡事录之西行","name":"07.nfo","time":"2026-02-17T00:52:23.692991+08:00","message":"Walking"}
{"level":"info","parent_paths":"FakeLocalDrive/medias/唐朝诡事录之西行","name":"08.mp4","time":"2026-02-17T00:52:23.693559+08:00","message":"Walking"}
{"level":"info","key":"episode","extracted":"E08","rule":"\\b([eE][pP]{0,1}[0-9]{1,}[上下]{0,1})","time":"2026-02-17T00:52:23.694619+08:00","message":"Captured episode"}
[2026-02-17 00:52:23] 解析文件 08.mp4 => 剧集 name=唐朝诡事录之西行 original_name=  E08
[2026-02-17 00:52:23]   新增
{"level":"info","parent_paths":"FakeLocalDrive/medias/唐朝诡事录之西行","name":"08.nfo","time":"2026-02-17T00:52:23.695218+08:00","message":"Walking"}
{"level":"info","parent_paths":"FakeLocalDrive/medias/唐朝诡事录之西行","name":"09.mp4","time":"2026-02-17T00:52:23.695588+08:00","message":"Walking"}
{"level":"info","key":"episode","extracted":"E09","rule":"\\b([eE][pP]{0,1}[0-9]{1,}[上下]{0,1})","time":"2026-02-17T00:52:23.696312+08:00","message":"Captured episode"}
[2026-02-17 00:52:23] 解析文件 09.mp4 => 剧集 name=唐朝诡事录之西行 original_name=  E09
[2026-02-17 00:52:23]   新增
{"level":"info","parent_paths":"FakeLocalDrive/medias/唐朝诡事录之西行","name":"09.nfo","time":"2026-02-17T00:52:23.696698+08:00","message":"Walking"}
{"level":"info","parent_paths":"FakeLocalDrive/medias/唐朝诡事录之西行","name":"10.mp4","time":"2026-02-17T00:52:23.697011+08:00","message":"Walking"}
{"level":"info","key":"episode","extracted":"E10","rule":"\\b([eE][pP]{0,1}[0-9]{1,}[上下]{0,1})","time":"2026-02-17T00:52:23.698442+08:00","message":"Captured episode"}
[2026-02-17 00:52:23] 解析文件 10.mp4 => 剧集 name=唐朝诡事录之西行 original_name=  E10
[2026-02-17 00:52:23]   新增
{"level":"info","parent_paths":"FakeLocalDrive/medias/唐朝诡事录之西行","name":"10.nfo","time":"2026-02-17T00:52:23.699359+08:00","message":"Walking"}
{"level":"info","parent_paths":"FakeLocalDrive/medias/唐朝诡事录之西行","name":"11.mp4","time":"2026-02-17T00:52:23.699785+08:00","message":"Walking"}
{"level":"info","key":"episode","extracted":"E11","rule":"\\b([eE][pP]{0,1}[0-9]{1,}[上下]{0,1})","time":"2026-02-17T00:52:23.700626+08:00","message":"Captured episode"}
[2026-02-17 00:52:23] 解析文件 11.mp4 => 剧集 name=唐朝诡事录之西行 original_name=  E11
[2026-02-17 00:52:23]   新增
{"level":"info","parent_paths":"FakeLocalDrive/medias/唐朝诡事录之西行","name":"11.nfo","time":"2026-02-17T00:52:23.701057+08:00","message":"Walking"}
{"level":"info","parent_paths":"FakeLocalDrive/medias/唐朝诡事录之西行","name":"12.mp4","time":"2026-02-17T00:52:23.701451+08:00","message":"Walking"}
{"level":"info","key":"episode","extracted":"E12","rule":"\\b([eE][pP]{0,1}[0-9]{1,}[上下]{0,1})","time":"2026-02-17T00:52:23.7024+08:00","message":"Captured episode"}
[2026-02-17 00:52:23] 解析文件 12.mp4 => 剧集 name=唐朝诡事录之西行 original_name=  E12
[2026-02-17 00:52:23]   新增
{"level":"info","parent_paths":"FakeLocalDrive/medias/唐朝诡事录之西行","name":"12.nfo","time":"2026-02-17T00:52:23.702849+08:00","message":"Walking"}
{"level":"info","parent_paths":"FakeLocalDrive/medias/唐朝诡事录之西行","name":"13.mp4","time":"2026-02-17T00:52:23.703263+08:00","message":"Walking"}
{"level":"info","key":"episode","extracted":"E13","rule":"\\b([eE][pP]{0,1}[0-9]{1,}[上下]{0,1})","time":"2026-02-17T00:52:23.704631+08:00","message":"Captured episode"}
[2026-02-17 00:52:23] 解析文件 13.mp4 => 剧集 name=唐朝诡事录之西行 original_name=  E13
[2026-02-17 00:52:23]   新增
{"level":"info","parent_paths":"FakeLocalDrive/medias/唐朝诡事录之西行","name":"13.nfo","time":"2026-02-17T00:52:23.705311+08:00","message":"Walking"}
{"level":"info","parent_paths":"FakeLocalDrive/medias/唐朝诡事录之西行","name":"14.mp4","time":"2026-02-17T00:52:23.705637+08:00","message":"Walking"}
{"level":"info","key":"episode","extracted":"E14","rule":"\\b([eE][pP]{0,1}[0-9]{1,}[上下]{0,1})","time":"2026-02-17T00:52:23.706359+08:00","message":"Captured episode"}
[2026-02-17 00:52:23] 解析文件 14.mp4 => 剧集 name=唐朝诡事录之西行 original_name=  E14
[2026-02-17 00:52:23]   新增
{"level":"info","parent_paths":"FakeLocalDrive/medias/唐朝诡事录之西行","name":"14.nfo","time":"2026-02-17T00:52:23.70685+08:00","message":"Walking"}
{"level":"info","parent_paths":"FakeLocalDrive/medias/唐朝诡事录之西行","name":"15.mp4","time":"2026-02-17T00:52:23.707164+08:00","message":"Walking"}
{"level":"info","key":"episode","extracted":"E15","rule":"\\b([eE][pP]{0,1}[0-9]{1,}[上下]{0,1})","time":"2026-02-17T00:52:23.707898+08:00","message":"Captured episode"}
[2026-02-17 00:52:23] 解析文件 15.mp4 => 剧集 name=唐朝诡事录之西行 original_name=  E15
[2026-02-17 00:52:23]   新增
{"level":"info","parent_paths":"FakeLocalDrive/medias/唐朝诡事录之西行","name":"15.nfo","time":"2026-02-17T00:52:23.708257+08:00","message":"Walking"}
{"level":"info","parent_paths":"FakeLocalDrive/medias/唐朝诡事录之西行","name":"16.mp4","time":"2026-02-17T00:52:23.708615+08:00","message":"Walking"}
{"level":"info","key":"episode","extracted":"E16","rule":"\\b([eE][pP]{0,1}[0-9]{1,}[上下]{0,1})","time":"2026-02-17T00:52:23.70975+08:00","message":"Captured episode"}
[2026-02-17 00:52:23] 解析文件 16.mp4 => 剧集 name=唐朝诡事录之西行 original_name=  E16
[2026-02-17 00:52:23]   新增
{"level":"info","parent_paths":"FakeLocalDrive/medias/唐朝诡事录之西行","name":"16.nfo","time":"2026-02-17T00:52:23.710088+08:00","message":"Walking"}
{"level":"info","parent_paths":"FakeLocalDrive/medias/唐朝诡事录之西行","name":"17.mp4","time":"2026-02-17T00:52:23.71113+08:00","message":"Walking"}
{"level":"info","key":"episode","extracted":"E17","rule":"\\b([eE][pP]{0,1}[0-9]{1,}[上下]{0,1})","time":"2026-02-17T00:52:23.711957+08:00","message":"Captured episode"}
[2026-02-17 00:52:23] 解析文件 17.mp4 => 剧集 name=唐朝诡事录之西行 original_name=  E17
[2026-02-17 00:52:23]   新增
{"level":"info","parent_paths":"FakeLocalDrive/medias/唐朝诡事录之西行","name":"17.nfo","time":"2026-02-17T00:52:23.712337+08:00","message":"Walking"}
{"level":"info","parent_paths":"FakeLocalDrive/medias/唐朝诡事录之西行","name":"18.mp4","time":"2026-02-17T00:52:23.712688+08:00","message":"Walking"}
{"level":"info","key":"episode","extracted":"E18","rule":"\\b([eE][pP]{0,1}[0-9]{1,}[上下]{0,1})","time":"2026-02-17T00:52:23.713604+08:00","message":"Captured episode"}
[2026-02-17 00:52:23] 解析文件 18.mp4 => 剧集 name=唐朝诡事录之西行 original_name=  E18
[2026-02-17 00:52:23]   新增
{"level":"info","parent_paths":"FakeLocalDrive/medias/唐朝诡事录之西行","name":"18.nfo","time":"2026-02-17T00:52:23.714202+08:00","message":"Walking"}
{"level":"info","parent_paths":"FakeLocalDrive/medias/唐朝诡事录之西行","name":"19.mp4","time":"2026-02-17T00:52:23.714553+08:00","message":"Walking"}
{"level":"info","key":"episode","extracted":"E19","rule":"\\b([eE][pP]{0,1}[0-9]{1,}[上下]{0,1})","time":"2026-02-17T00:52:23.715334+08:00","message":"Captured episode"}
[2026-02-17 00:52:23] 解析文件 19.mp4 => 剧集 name=唐朝诡事录之西行 original_name=  E19
[2026-02-17 00:52:23]   新增
{"level":"info","parent_paths":"FakeLocalDrive/medias/唐朝诡事录之西行","name":"19.nfo","time":"2026-02-17T00:52:23.715953+08:00","message":"Walking"}
{"level":"info","parent_paths":"FakeLocalDrive/medias/唐朝诡事录之西行","name":"20.mp4","time":"2026-02-17T00:52:23.716309+08:00","message":"Walking"}
{"level":"info","key":"episode","extracted":"E20","rule":"\\b([eE][pP]{0,1}[0-9]{1,}[上下]{0,1})","time":"2026-02-17T00:52:23.717067+08:00","message":"Captured episode"}
[2026-02-17 00:52:23] 解析文件 20.mp4 => 剧集 name=唐朝诡事录之西行 original_name=  E20
[2026-02-17 00:52:23]   新增
{"level":"info","parent_paths":"FakeLocalDrive/medias/唐朝诡事录之西行","name":"20.nfo","time":"2026-02-17T00:52:23.717408+08:00","message":"Walking"}
{"level":"info","parent_paths":"FakeLocalDrive/medias/唐朝诡事录之西行","name":"21.mp4","time":"2026-02-17T00:52:23.717714+08:00","message":"Walking"}
{"level":"info","key":"episode","extracted":"E21","rule":"\\b([eE][pP]{0,1}[0-9]{1,}[上下]{0,1})","time":"2026-02-17T00:52:23.719097+08:00","message":"Captured episode"}
[2026-02-17 00:52:23] 解析文件 21.mp4 => 剧集 name=唐朝诡事录之西行 original_name=  E21
[2026-02-17 00:52:23]   新增
{"level":"info","parent_paths":"FakeLocalDrive/medias/唐朝诡事录之西行","name":"21.nfo","time":"2026-02-17T00:52:23.719749+08:00","message":"Walking"}
{"level":"info","parent_paths":"FakeLocalDrive/medias/唐朝诡事录之西行","name":"22.mp4","time":"2026-02-17T00:52:23.720085+08:00","message":"Walking"}
{"level":"info","key":"episode","extracted":"E22","rule":"\\b([eE][pP]{0,1}[0-9]{1,}[上下]{0,1})","time":"2026-02-17T00:52:23.720988+08:00","message":"Captured episode"}
[2026-02-17 00:52:23] 解析文件 22.mp4 => 剧集 name=唐朝诡事录之西行 original_name=  E22
[2026-02-17 00:52:23]   新增
{"level":"info","parent_paths":"FakeLocalDrive/medias/唐朝诡事录之西行","name":"22.nfo","time":"2026-02-17T00:52:23.721389+08:00","message":"Walking"}
{"level":"info","parent_paths":"FakeLocalDrive/medias/唐朝诡事录之西行","name":"23.mp4","time":"2026-02-17T00:52:23.721802+08:00","message":"Walking"}
{"level":"info","key":"episode","extracted":"E23","rule":"\\b([eE][pP]{0,1}[0-9]{1,}[上下]{0,1})","time":"2026-02-17T00:52:23.722584+08:00","message":"Captured episode"}
[2026-02-17 00:52:23] 解析文件 23.mp4 => 剧集 name=唐朝诡事录之西行 original_name=  E23
[2026-02-17 00:52:23]   新增
{"level":"info","parent_paths":"FakeLocalDrive/medias/唐朝诡事录之西行","name":"23.nfo","time":"2026-02-17T00:52:23.723256+08:00","message":"Walking"}
{"level":"info","parent_paths":"FakeLocalDrive/medias/唐朝诡事录之西行","name":"24.mp4","time":"2026-02-17T00:52:23.723611+08:00","message":"Walking"}
[2026-02-17 00:52:23] 解析文件 24.mp4 => 剧集 name=唐朝诡事录之西行 original_name=  
[2026-02-17 00:52:23]   新增
{"level":"info","parent_paths":"FakeLocalDrive/medias/唐朝诡事录之西行","name":"24.nfo","time":"2026-02-17T00:52:23.725273+08:00","message":"Walking"}
{"level":"info","parent_paths":"FakeLocalDrive/medias/唐朝诡事录之西行","name":"25.mp4","time":"2026-02-17T00:52:23.725948+08:00","message":"Walking"}
{"level":"info","key":"episode","extracted":"E25","rule":"\\b([eE][pP]{0,1}[0-9]{1,}[上下]{0,1})","time":"2026-02-17T00:52:23.726873+08:00","message":"Captured episode"}
[2026-02-17 00:52:23] 解析文件 25.mp4 => 剧集 name=唐朝诡事录之西行 original_name=  E25
[2026-02-17 00:52:23]   新增
{"level":"info","parent_paths":"FakeLocalDrive/medias/唐朝诡事录之西行","name":"25.nfo","time":"2026-02-17T00:52:23.72729+08:00","message":"Walking"}
{"level":"info","parent_paths":"FakeLocalDrive/medias/唐朝诡事录之西行","name":"26.mp4","time":"2026-02-17T00:52:23.728639+08:00","message":"Walking"}
{"level":"info","key":"episode","extracted":"E26","rule":"\\b([eE][pP]{0,1}[0-9]{1,}[上下]{0,1})","time":"2026-02-17T00:52:23.729598+08:00","message":"Captured episode"}
[2026-02-17 00:52:23] 解析文件 26.mp4 => 剧集 name=唐朝诡事录之西行 original_name=  E26
[2026-02-17 00:52:23]   新增
{"level":"info","parent_paths":"FakeLocalDrive/medias/唐朝诡事录之西行","name":"26.nfo","time":"2026-02-17T00:52:23.730093+08:00","message":"Walking"}
{"level":"info","parent_paths":"FakeLocalDrive/medias/唐朝诡事录之西行","name":"27.mp4","time":"2026-02-17T00:52:23.730627+08:00","message":"Walking"}
{"level":"info","key":"episode","extracted":"E27","rule":"\\b([eE][pP]{0,1}[0-9]{1,}[上下]{0,1})","time":"2026-02-17T00:52:23.731348+08:00","message":"Captured episode"}
[2026-02-17 00:52:23] 解析文件 27.mp4 => 剧集 name=唐朝诡事录之西行 original_name=  E27
[2026-02-17 00:52:23]   新增
{"level":"info","parent_paths":"FakeLocalDrive/medias/唐朝诡事录之西行","name":"27.nfo","time":"2026-02-17T00:52:23.73169+08:00","message":"Walking"}
{"level":"info","parent_paths":"FakeLocalDrive/medias/唐朝诡事录之西行","name":"28.mp4","time":"2026-02-17T00:52:23.732013+08:00","message":"Walking"}
{"level":"info","key":"episode","extracted":"E28","rule":"\\b([eE][pP]{0,1}[0-9]{1,}[上下]{0,1})","time":"2026-02-17T00:52:23.732756+08:00","message":"Captured episode"}
[2026-02-17 00:52:23] 解析文件 28.mp4 => 剧集 name=唐朝诡事录之西行 original_name=  E28
[2026-02-17 00:52:23]   新增
{"level":"info","parent_paths":"FakeLocalDrive/medias/唐朝诡事录之西行","name":"28.nfo","time":"2026-02-17T00:52:23.733114+08:00","message":"Walking"}
{"level":"info","parent_paths":"FakeLocalDrive/medias/唐朝诡事录之西行","name":"29.mp4","time":"2026-02-17T00:52:23.733446+08:00","message":"Walking"}
{"level":"info","key":"episode","extracted":"E29","rule":"\\b([eE][pP]{0,1}[0-9]{1,}[上下]{0,1})","time":"2026-02-17T00:52:23.734579+08:00","message":"Captured episode"}
[2026-02-17 00:52:23] 解析文件 29.mp4 => 剧集 name=唐朝诡事录之西行 original_name=  E29
[2026-02-17 00:52:23]   新增
{"level":"info","parent_paths":"FakeLocalDrive/medias/唐朝诡事录之西行","name":"29.nfo","time":"2026-02-17T00:52:23.735158+08:00","message":"Walking"}
{"level":"info","parent_paths":"FakeLocalDrive/medias/唐朝诡事录之西行","name":"30.mp4","time":"2026-02-17T00:52:23.735668+08:00","message":"Walking"}
{"level":"info","key":"episode","extracted":"E30","rule":"\\b([eE][pP]{0,1}[0-9]{1,}[上下]{0,1})","time":"2026-02-17T00:52:23.736816+08:00","message":"Captured episode"}
[2026-02-17 00:52:23] 解析文件 30.mp4 => 剧集 name=唐朝诡事录之西行 original_name=  E30
[2026-02-17 00:52:23]   新增
{"level":"info","parent_paths":"FakeLocalDrive/medias/唐朝诡事录之西行","name":"30.nfo","time":"2026-02-17T00:52:23.737366+08:00","message":"Walking"}
{"level":"info","parent_paths":"FakeLocalDrive/medias/唐朝诡事录之西行","name":"31.mp4","time":"2026-02-17T00:52:23.737732+08:00","message":"Walking"}
{"level":"info","key":"episode","extracted":"E31","rule":"\\b([eE][pP]{0,1}[0-9]{1,}[上下]{0,1})","time":"2026-02-17T00:52:23.738529+08:00","message":"Captured episode"}
[2026-02-17 00:52:23] 解析文件 31.mp4 => 剧集 name=唐朝诡事录之西行 original_name=  E31
[2026-02-17 00:52:23]   新增
{"level":"info","parent_paths":"FakeLocalDrive/medias/唐朝诡事录之西行","name":"31.nfo","time":"2026-02-17T00:52:23.738901+08:00","message":"Walking"}
{"level":"info","parent_paths":"FakeLocalDrive/medias/唐朝诡事录之西行","name":"32.mp4","time":"2026-02-17T00:52:23.739231+08:00","message":"Walking"}
{"level":"info","key":"episode","extracted":"E32","rule":"\\b([eE][pP]{0,1}[0-9]{1,}[上下]{0,1})","time":"2026-02-17T00:52:23.740372+08:00","message":"Captured episode"}
[2026-02-17 00:52:23] 解析文件 32.mp4 => 剧集 name=唐朝诡事录之西行 original_name=  E32
[2026-02-17 00:52:23]   新增
{"level":"info","parent_paths":"FakeLocalDrive/medias/唐朝诡事录之西行","name":"32.nfo","time":"2026-02-17T00:52:23.740966+08:00","message":"Walking"}
{"level":"info","parent_paths":"FakeLocalDrive/medias/唐朝诡事录之西行","name":"33.mkv","time":"2026-02-17T00:52:23.74131+08:00","message":"Walking"}
{"level":"info","key":"episode","extracted":"E33","rule":"\\b([eE][pP]{0,1}[0-9]{1,}[上下]{0,1})","time":"2026-02-17T00:52:23.742036+08:00","message":"Captured episode"}
[2026-02-17 00:52:23] 解析文件 33.mkv => 剧集 name=唐朝诡事录之西行 original_name=  E33
[2026-02-17 00:52:23]   新增
{"level":"info","parent_paths":"FakeLocalDrive/medias/唐朝诡事录之西行","name":"33.nfo","time":"2026-02-17T00:52:23.74236+08:00","message":"Walking"}
{"level":"info","parent_paths":"FakeLocalDrive/medias/唐朝诡事录之西行","name":"34.mkv","time":"2026-02-17T00:52:23.742689+08:00","message":"Walking"}
{"level":"info","key":"episode","extracted":"E34","rule":"\\b([eE][pP]{0,1}[0-9]{1,}[上下]{0,1})","time":"2026-02-17T00:52:23.743629+08:00","message":"Captured episode"}
[2026-02-17 00:52:23] 解析文件 34.mkv => 剧集 name=唐朝诡事录之西行 original_name=  E34
[2026-02-17 00:52:23]   新增
{"level":"info","parent_paths":"FakeLocalDrive/medias/唐朝诡事录之西行","name":"34.nfo","time":"2026-02-17T00:52:23.744033+08:00","message":"Walking"}
{"level":"info","parent_paths":"FakeLocalDrive/medias/唐朝诡事录之西行","name":"35.mp4","time":"2026-02-17T00:52:23.744652+08:00","message":"Walking"}
{"level":"info","key":"episode","extracted":"E35","rule":"\\b([eE][pP]{0,1}[0-9]{1,}[上下]{0,1})","time":"2026-02-17T00:52:23.745919+08:00","message":"Captured episode"}
[2026-02-17 00:52:23] 解析文件 35.mp4 => 剧集 name=唐朝诡事录之西行 original_name=  E35
[2026-02-17 00:52:23]   新增
{"level":"info","parent_paths":"FakeLocalDrive/medias/唐朝诡事录之西行","name":"35.nfo","time":"2026-02-17T00:52:23.746595+08:00","message":"Walking"}
{"level":"info","parent_paths":"FakeLocalDrive/medias/唐朝诡事录之西行","name":"36.mp4","time":"2026-02-17T00:52:23.746947+08:00","message":"Walking"}
{"level":"info","key":"episode","extracted":"E36","rule":"\\b([eE][pP]{0,1}[0-9]{1,}[上下]{0,1})","time":"2026-02-17T00:52:23.747683+08:00","message":"Captured episode"}
[2026-02-17 00:52:23] 解析文件 36.mp4 => 剧集 name=唐朝诡事录之西行 original_name=  E36
[2026-02-17 00:52:23]   新增
{"level":"info","parent_paths":"FakeLocalDrive/medias/唐朝诡事录之西行","name":"36.nfo","time":"2026-02-17T00:52:23.748036+08:00","message":"Walking"}
{"level":"info","parent_paths":"FakeLocalDrive/medias/唐朝诡事录之西行","name":"37.mp4","time":"2026-02-17T00:52:23.748415+08:00","message":"Walking"}
{"level":"info","key":"episode","extracted":"E37","rule":"\\b([eE][pP]{0,1}[0-9]{1,}[上下]{0,1})","time":"2026-02-17T00:52:23.749125+08:00","message":"Captured episode"}
[2026-02-17 00:52:23] 解析文件 37.mp4 => 剧集 name=唐朝诡事录之西行 original_name=  E37
[2026-02-17 00:52:23]   新增
{"level":"info","parent_paths":"FakeLocalDrive/medias/唐朝诡事录之西行","name":"37.nfo","time":"2026-02-17T00:52:23.749524+08:00","message":"Walking"}
{"level":"info","parent_paths":"FakeLocalDrive/medias/唐朝诡事录之西行","name":"38.mp4","time":"2026-02-17T00:52:23.749964+08:00","message":"Walking"}
{"level":"info","key":"episode","extracted":"E38","rule":"\\b([eE][pP]{0,1}[0-9]{1,}[上下]{0,1})","time":"2026-02-17T00:52:23.7508+08:00","message":"Captured episode"}
[2026-02-17 00:52:23] 解析文件 38.mp4 => 剧集 name=唐朝诡事录之西行 original_name=  E38
[2026-02-17 00:52:23]   新增
{"level":"info","parent_paths":"FakeLocalDrive/medias/唐朝诡事录之西行","name":"38.nfo","time":"2026-02-17T00:52:23.751391+08:00","message":"Walking"}
{"level":"info","parent_paths":"FakeLocalDrive/medias/唐朝诡事录之西行","name":"39.mp4","time":"2026-02-17T00:52:23.752334+08:00","message":"Walking"}
{"level":"info","key":"episode","extracted":"E39","rule":"\\b([eE][pP]{0,1}[0-9]{1,}[上下]{0,1})","time":"2026-02-17T00:52:23.753193+08:00","message":"Captured episode"}
[2026-02-17 00:52:23] 解析文件 39.mp4 => 剧集 name=唐朝诡事录之西行 original_name=  E39
[2026-02-17 00:52:23]   新增
{"level":"info","parent_paths":"FakeLocalDrive/medias/唐朝诡事录之西行","name":"39.nfo","time":"2026-02-17T00:52:23.753743+08:00","message":"Walking"}
{"level":"info","parent_paths":"FakeLocalDrive/medias/唐朝诡事录之西行","name":"40.mp4","time":"2026-02-17T00:52:23.754082+08:00","message":"Walking"}
{"level":"info","key":"episode","extracted":"E40","rule":"\\b([eE][pP]{0,1}[0-9]{1,}[上下]{0,1})","time":"2026-02-17T00:52:23.755286+08:00","message":"Captured episode"}
[2026-02-17 00:52:23] 解析文件 40.mp4 => 剧集 name=唐朝诡事录之西行 original_name=  E40
[2026-02-17 00:52:23]   新增
{"level":"info","parent_paths":"FakeLocalDrive/medias/唐朝诡事录之西行","name":"40.nfo","time":"2026-02-17T00:52:23.755631+08:00","message":"Walking"}
{"level":"info","parent_paths":"FakeLocalDrive/medias/唐朝诡事录之西行","name":"fanart.jpg","time":"2026-02-17T00:52:23.756001+08:00","message":"Walking"}
{"level":"info","parent_paths":"FakeLocalDrive/medias/唐朝诡事录之西行","name":"poster.jpg","time":"2026-02-17T00:52:23.756578+08:00","message":"Walking"}
{"level":"info","parent_paths":"FakeLocalDrive/medias/唐朝诡事录之西行","name":"tvshow.nfo","time":"2026-02-17T00:52:23.75694+08:00","message":"Walking"}
{"level":"info","parent_paths":"FakeLocalDrive/medias","name":"警之光（2023）","time":"2026-02-17T00:52:23.757287+08:00","message":"Walking"}
{"level":"info","key":"name","extracted":"警之光","rule":"chinese name3","time":"2026-02-17T00:52:23.758144+08:00","message":"Captured name"}
{"level":"info","parent_paths":"FakeLocalDrive/medias/警之光（2023）","name":".DS_Store","time":"2026-02-17T00:52:23.758488+08:00","message":"Walking"}
[2026-02-17 00:52:23] 警告 .DS_Store: Unknown file type (FakeLocalDrive/medias/警之光（2023）)
{"level":"info","parent_paths":"FakeLocalDrive/medias/警之光（2023）","name":"Season 2","time":"2026-02-17T00:52:23.758832+08:00","message":"Walking"}
{"level":"info","key":"original_name","extracted":"Season.2","rule":"^([a-zA-Z-!]{1,}\\.{1}){0,}[a-zA-Z-!]{1,}(\\.[0-9]{1,2}){0,1}(\\.|$)","time":"2026-02-17T00:52:23.759607+08:00","message":"Captured original_name"}
{"level":"info","parent_paths":"FakeLocalDrive/medias/警之光（2023）/Season 2","name":".DS_Store","time":"2026-02-17T00:52:23.759917+08:00","message":"Walking"}
[2026-02-17 00:52:23] 警告 .DS_Store: Unknown file type (FakeLocalDrive/medias/警之光（2023）/Season 2)
{"level":"info","parent_paths":"FakeLocalDrive/medias/警之光（2023）/Season 2","name":"Blue Lights.s02e05.Where I Want to Be.nfo","time":"2026-02-17T00:52:23.760269+08:00","message":"Walking"}
{"level":"info","parent_paths":"FakeLocalDrive/medias/警之光（2023）/Season 2","name":"Blue Lights.s02e05.Where I Want to Be.strm","time":"2026-02-17T00:52:23.760799+08:00","message":"Walking"}
{"level":"info","key":"season","extracted":"s02","rule":"[sS][eE]{0,1}[0-9]{1,}","time":"2026-02-17T00:52:23.763402+08:00","message":"Captured season"}
{"level":"info","key":"episode","extracted":"e05","rule":"\\b([eE][pP]{0,1}[0-9]{1,}[上下]{0,1})","time":"2026-02-17T00:52:23.763441+08:00","message":"Captured episode"}
{"level":"info","key":"original_name","extracted":"Blue.Lights.","rule":"^([a-zA-Z-!]{1,}\\.{1}){0,}[a-zA-Z-!]{1,}(\\.[0-9]{1,2}){0,1}(\\.|$)","time":"2026-02-17T00:52:23.763482+08:00","message":"Captured original_name"}
[2026-02-17 00:52:23] 解析文件 Blue Lights.s02e05.Where I Want to Be.strm => 剧集 name=警之光 original_name= S02 E05
[2026-02-17 00:52:23]   新增
{"level":"info","parent_paths":"FakeLocalDrive/medias/警之光（2023）/Season 2","name":"fanart.jpg","time":"2026-02-17T00:52:23.76405+08:00","message":"Walking"}
{"level":"info","parent_paths":"FakeLocalDrive/medias/警之光（2023）/Season 2","name":"poster.jpg","time":"2026-02-17T00:52:23.764425+08:00","message":"Walking"}
{"level":"info","parent_paths":"FakeLocalDrive/medias/警之光（2023）/Season 2","name":"tvshow.nfo","time":"2026-02-17T00:52:23.764768+08:00","message":"Walking"}
[2026-02-17 00:52:23] 索引完成，共找到 101 个剧集，0 个电影，5 个 AV
[2026-02-17 00:52:23] 开始搜索影视剧信息
[2026-02-17 00:52:23] 共 101 条待搜索记录
[2026-02-17 00:52:23] 搜索剧集「吞噬星空」
[2026-02-17 00:52:24]   匹配到「吞噬星空」(TMDB:101172)
[2026-02-17 00:52:25]   获取详情失败: json: cannot unmarshal object into Go struct field tvDetailResp.next_episode_to_air of type string
[2026-02-17 00:52:25] 搜索剧集「唐朝诡事录之西行」
[2026-02-17 00:52:25]   匹配到「唐朝诡事录」(TMDB:211089)
[2026-02-17 00:52:26]   01.mp4 => E01 匹配成功
[2026-02-17 00:52:26]   02.mp4 => E02 匹配成功
[2026-02-17 00:52:26]   03.mp4 => E03 匹配成功
[2026-02-17 00:52:26]   04.mp4 => E04 匹配成功
[2026-02-17 00:52:26]   05.mp4 => E05 匹配成功
[2026-02-17 00:52:26]   06.mp4 => E06 匹配成功
[2026-02-17 00:52:26]   07.mp4 => E07 匹配成功
[2026-02-17 00:52:26]   08.mp4 => E08 匹配成功
[2026-02-17 00:52:26]   09.mp4 => E09 匹配成功
[2026-02-17 00:52:26]   10.mp4 => E10 匹配成功
[2026-02-17 00:52:26]   11.mp4 => E11 匹配成功
[2026-02-17 00:52:26]   12.mp4 => E12 匹配成功
[2026-02-17 00:52:26]   13.mp4 => E13 匹配成功
[2026-02-17 00:52:26]   14.mp4 => E14 匹配成功
[2026-02-17 00:52:26]   15.mp4 => E15 匹配成功
[2026-02-17 00:52:26]   16.mp4 => E16 匹配成功
[2026-02-17 00:52:26]   17.mp4 => E17 匹配成功
[2026-02-17 00:52:26]   18.mp4 => E18 匹配成功
[2026-02-17 00:52:26]   19.mp4 => E19 匹配成功
[2026-02-17 00:52:26]   20.mp4 => E20 匹配成功
[2026-02-17 00:52:26]   21.mp4 => E21 匹配成功
[2026-02-17 00:52:26]   22.mp4 => E22 匹配成功
[2026-02-17 00:52:26]   23.mp4 => E23 匹配成功
[2026-02-17 00:52:26]   24.mp4 未匹配到集
[2026-02-17 00:52:26]   25.mp4 => E25 匹配成功
[2026-02-17 00:52:26]   26.mp4 => E26 匹配成功
[2026-02-17 00:52:26]   27.mp4 => E27 匹配成功
[2026-02-17 00:52:26]   28.mp4 => E28 匹配成功
[2026-02-17 00:52:26]   29.mp4 => E29 匹配成功
[2026-02-17 00:52:26]   30.mp4 => E30 匹配成功
[2026-02-17 00:52:26]   31.mp4 => E31 匹配成功
[2026-02-17 00:52:26]   32.mp4 => E32 匹配成功
[2026-02-17 00:52:26]   33.mkv => E33 匹配成功
[2026-02-17 00:52:26]   34.mkv => E34 匹配成功
[2026-02-17 00:52:26]   35.mp4 => E35 匹配成功
[2026-02-17 00:52:26]   36.mp4 => E36 匹配成功
[2026-02-17 00:52:26]   37.mp4 未匹配到集
[2026-02-17 00:52:26]   38.mp4 未匹配到集
[2026-02-17 00:52:26]   39.mp4 未匹配到集
[2026-02-17 00:52:26]   40.mp4 未匹配到集
[2026-02-17 00:52:26] 搜索剧集「警之光」S02
[2026-02-17 00:52:26]   匹配到「警之光」(TMDB:218344)
[2026-02-17 00:52:27]   Blue Lights.s02e05.Where I Want to Be.strm => E05 匹配成功
[2026-02-17 00:52:27] 搜索剧集「春色JI情REN」
[2026-02-17 00:52:27]   匹配到「春色寄情人」(TMDB:244621)
[2026-02-17 00:52:28]   01.mkv => E01 匹配成功
[2026-02-17 00:52:28]   02.mkv => E02 匹配成功
[2026-02-17 00:52:28]   03.mkv => E03 匹配成功
[2026-02-17 00:52:28]   04.mkv => E04 匹配成功
[2026-02-17 00:52:28]   05.mkv => E05 匹配成功
[2026-02-17 00:52:28]   06.mkv => E06 匹配成功
[2026-02-17 00:52:28]   07.mp4 => E07 匹配成功
[2026-02-17 00:52:28]   08.mp4 => E08 匹配成功
[2026-02-17 00:52:28]   09.mkv => E09 匹配成功
[2026-02-17 00:52:28]   10.mkv => E10 匹配成功
[2026-02-17 00:52:28]   11.mkv => E11 匹配成功
[2026-02-17 00:52:28]   12.mkv => E12 匹配成功
[2026-02-17 00:52:28]   13.mkv => E13 匹配成功
[2026-02-17 00:52:28]   14.mkv => E14 匹配成功
[2026-02-17 00:52:28]   15.mkv => E15 匹配成功
[2026-02-17 00:52:28]   16.mkv => E16 匹配成功
[2026-02-17 00:52:28]   17.mkv => E17 匹配成功
[2026-02-17 00:52:28]   19.mkv => E19 匹配成功
[2026-02-17 00:52:28]   20.mkv => E20 匹配成功
[2026-02-17 00:52:28]   21.mkv => E21 匹配成功
[2026-02-17 00:52:28] 搜索剧集「」
[2026-02-17 00:52:28]   未找到匹配
[2026-02-17 00:52:28] 搜索剧集「英语六级CET6全程班」
[2026-02-17 00:52:29]   未找到匹配
[2026-02-17 00:52:29] 搜索影视剧信息完成
